###############################################################################
#
# IAR ELF Linker V9.10.2.313/W64 for ARM                  22/Sep/2023  13:05:32
# Copyright 2007-2021 IAR Systems AB.
#
#    Output file  =
#        C:\TouchGFXProjects\KraftHeinz_DS3600\EWARM\Oxpecker\Exe\STM32L4R7I_OCB.out
#    Map file     =
#        C:\TouchGFXProjects\KraftHeinz_DS3600\EWARM\Oxpecker\List\STM32L4R7I_OCB.map
#    Command line =
#        -f
#        C:\TouchGFXProjects\KraftHeinz_DS3600\EWARM\Oxpecker\Exe\STM32L4R7I_OCB.out.rsp
#        (C:\TouchGFXProjects\KraftHeinz_DS3600\EWARM\Oxpecker\Obj\Application\User\TouchGFX\App\app_touchgfx.o
#        C:\TouchGFXProjects\KraftHeinz_DS3600\EWARM\Oxpecker\Obj\TouchGFX\generated\fonts\ApplicationFontProvider.o
#        C:\TouchGFXProjects\KraftHeinz_DS3600\EWARM\Oxpecker\Obj\TouchGFX\gui\containers\BarcodeField.o
#        C:\TouchGFXProjects\KraftHeinz_DS3600\EWARM\Oxpecker\Obj\TouchGFX\gui\containers\BarcodeField_Loc.o
#        C:\TouchGFXProjects\KraftHeinz_DS3600\EWARM\Oxpecker\Obj\TouchGFX\generated\gui_generated\BarcodeField_LocBase.o
#        C:\TouchGFXProjects\KraftHeinz_DS3600\EWARM\Oxpecker\Obj\TouchGFX\gui\containers\BarcodeField_Match.o
#        C:\TouchGFXProjects\KraftHeinz_DS3600\EWARM\Oxpecker\Obj\TouchGFX\generated\gui_generated\BarcodeField_MatchBase.o
#        C:\TouchGFXProjects\KraftHeinz_DS3600\EWARM\Oxpecker\Obj\TouchGFX\generated\gui_generated\BarcodeFieldBase.o
#        C:\TouchGFXProjects\KraftHeinz_DS3600\EWARM\Oxpecker\Obj\TouchGFX\generated\images\BitmapDatabase.o
#        C:\TouchGFXProjects\KraftHeinz_DS3600\EWARM\Oxpecker\Obj\TouchGFX\gui\simulator\blctrl_sim.o
#        C:\TouchGFXProjects\KraftHeinz_DS3600\EWARM\Oxpecker\Obj\TouchGFX\gui\containers\BluetoothPopup.o
#        C:\TouchGFXProjects\KraftHeinz_DS3600\EWARM\Oxpecker\Obj\TouchGFX\generated\gui_generated\BluetoothPopupBase.o
#        C:\TouchGFXProjects\KraftHeinz_DS3600\EWARM\Oxpecker\Obj\TouchGFX\gui\containers\BtnBack.o
#        C:\TouchGFXProjects\KraftHeinz_DS3600\EWARM\Oxpecker\Obj\TouchGFX\generated\gui_generated\BtnBackBase.o
#        C:\TouchGFXProjects\KraftHeinz_DS3600\EWARM\Oxpecker\Obj\TouchGFX\generated\fonts\CachedFont.o
#        C:\TouchGFXProjects\KraftHeinz_DS3600\EWARM\Oxpecker\Obj\Application\User\Core\canopyAuto_usercfg.o
#        C:\TouchGFXProjects\KraftHeinz_DS3600\EWARM\Oxpecker\Obj\TouchGFX\gui\simulator\canopyAuto_usercfg.o
#        C:\TouchGFXProjects\KraftHeinz_DS3600\EWARM\Oxpecker\Obj\Application\User\Core\canopyAutoParams.o
#        C:\TouchGFXProjects\KraftHeinz_DS3600\EWARM\Oxpecker\Obj\TouchGFX\gui\containers\CfgMenuToast.o
#        C:\TouchGFXProjects\KraftHeinz_DS3600\EWARM\Oxpecker\Obj\TouchGFX\generated\gui_generated\CfgMenuToastBase.o
#        C:\TouchGFXProjects\KraftHeinz_DS3600\EWARM\Oxpecker\Obj\TouchGFX\gui\common\ConfigParam.o
#        C:\TouchGFXProjects\KraftHeinz_DS3600\EWARM\Oxpecker\Obj\TouchGFX\gui\simulator\customAPIcallback_sim.o
#        C:\TouchGFXProjects\KraftHeinz_DS3600\EWARM\Oxpecker\Obj\TouchGFX\gui\simulator\decodeDataHandler_sim.o
#        C:\TouchGFXProjects\KraftHeinz_DS3600\EWARM\Oxpecker\Obj\TouchGFX\gui\containers\EntDelimiterField.o
#        C:\TouchGFXProjects\KraftHeinz_DS3600\EWARM\Oxpecker\Obj\TouchGFX\generated\gui_generated\EntDelimiterFieldBase.o
#        C:\TouchGFXProjects\KraftHeinz_DS3600\EWARM\Oxpecker\Obj\TouchGFX\gui\containers\EntQTYToutField.o
#        C:\TouchGFXProjects\KraftHeinz_DS3600\EWARM\Oxpecker\Obj\TouchGFX\generated\gui_generated\EntQTYToutFieldBase.o
#        C:\TouchGFXProjects\KraftHeinz_DS3600\EWARM\Oxpecker\Obj\TouchGFX\gui\containers\EntStrField.o
#        C:\TouchGFXProjects\KraftHeinz_DS3600\EWARM\Oxpecker\Obj\TouchGFX\generated\gui_generated\EntStrFieldBase.o
#        C:\TouchGFXProjects\KraftHeinz_DS3600\EWARM\Oxpecker\Obj\TouchGFX\gui\snfnkeyassign_screen\FnKeyDefinitions1.o
#        C:\TouchGFXProjects\KraftHeinz_DS3600\EWARM\Oxpecker\Obj\TouchGFX\gui\snfnkeyassign_screen\FnKeyDefinitions2.o
#        C:\TouchGFXProjects\KraftHeinz_DS3600\EWARM\Oxpecker\Obj\TouchGFX\gui\snfnkeyassign_screen\FnKeyDefinitions3.o
#        C:\TouchGFXProjects\KraftHeinz_DS3600\EWARM\Oxpecker\Obj\TouchGFX\generated\fonts\Font_RobotoCondensed_Bold_20_4bpp_0.o
#        C:\TouchGFXProjects\KraftHeinz_DS3600\EWARM\Oxpecker\Obj\TouchGFX\generated\fonts\Font_RobotoCondensed_Bold_24_4bpp_0.o
#        C:\TouchGFXProjects\KraftHeinz_DS3600\EWARM\Oxpecker\Obj\TouchGFX\generated\fonts\Font_RobotoCondensed_Bold_26_4bpp_0.o
#        C:\TouchGFXProjects\KraftHeinz_DS3600\EWARM\Oxpecker\Obj\TouchGFX\generated\fonts\Font_RobotoCondensed_Bold_26_4bpp_4.o
#        C:\TouchGFXProjects\KraftHeinz_DS3600\EWARM\Oxpecker\Obj\TouchGFX\generated\fonts\Font_RobotoCondensed_Bold_32_4bpp_0.o
#        C:\TouchGFXProjects\KraftHeinz_DS3600\EWARM\Oxpecker\Obj\TouchGFX\generated\fonts\Font_RobotoCondensed_Bold_40_4bpp_0.o
#        C:\TouchGFXProjects\KraftHeinz_DS3600\EWARM\Oxpecker\Obj\TouchGFX\generated\fonts\Font_RobotoCondensed_Bold_48_4bpp_0.o
#        C:\TouchGFXProjects\KraftHeinz_DS3600\EWARM\Oxpecker\Obj\TouchGFX\generated\fonts\Font_RobotoCondensed_Regular_18_4bpp_0.o
#        C:\TouchGFXProjects\KraftHeinz_DS3600\EWARM\Oxpecker\Obj\TouchGFX\generated\fonts\Font_RobotoCondensed_Regular_24_4bpp_0.o
#        C:\TouchGFXProjects\KraftHeinz_DS3600\EWARM\Oxpecker\Obj\TouchGFX\generated\fonts\Font_RobotoCondensed_Regular_26_4bpp_0.o
#        C:\TouchGFXProjects\KraftHeinz_DS3600\EWARM\Oxpecker\Obj\TouchGFX\generated\fonts\Font_RobotoCondensed_Regular_26_4bpp_4.o
#        C:\TouchGFXProjects\KraftHeinz_DS3600\EWARM\Oxpecker\Obj\TouchGFX\generated\fonts\Font_RobotoCondensed_Regular_32_4bpp_0.o
#        C:\TouchGFXProjects\KraftHeinz_DS3600\EWARM\Oxpecker\Obj\TouchGFX\generated\fonts\Font_RobotoCondensed_Regular_32_4bpp_4.o
#        C:\TouchGFXProjects\KraftHeinz_DS3600\EWARM\Oxpecker\Obj\TouchGFX\generated\fonts\Font_RobotoCondensed_Regular_36_4bpp_0.o
#        C:\TouchGFXProjects\KraftHeinz_DS3600\EWARM\Oxpecker\Obj\TouchGFX\generated\fonts\Font_RobotoCondensed_Regular_36_4bpp_4.o
#        C:\TouchGFXProjects\KraftHeinz_DS3600\EWARM\Oxpecker\Obj\TouchGFX\generated\fonts\Font_RobotoMono_Bold_40_4bpp_0.o
#        C:\TouchGFXProjects\KraftHeinz_DS3600\EWARM\Oxpecker\Obj\TouchGFX\generated\fonts\Font_RobotoMono_Bold_40_4bpp_4.o
#        C:\TouchGFXProjects\KraftHeinz_DS3600\EWARM\Oxpecker\Obj\TouchGFX\generated\fonts\Font_RobotoMono_Regular_26_4bpp_0.o
#        C:\TouchGFXProjects\KraftHeinz_DS3600\EWARM\Oxpecker\Obj\TouchGFX\generated\fonts\Font_RobotoMono_Regular_26_4bpp_4.o
#        C:\TouchGFXProjects\KraftHeinz_DS3600\EWARM\Oxpecker\Obj\TouchGFX\generated\fonts\Font_RobotoMono_Regular_32_4bpp_0.o
#        C:\TouchGFXProjects\KraftHeinz_DS3600\EWARM\Oxpecker\Obj\TouchGFX\generated\fonts\Font_RobotoMono_Regular_32_4bpp_4.o
#        C:\TouchGFXProjects\KraftHeinz_DS3600\EWARM\Oxpecker\Obj\TouchGFX\generated\fonts\FontCache.o
#        C:\TouchGFXProjects\KraftHeinz_DS3600\EWARM\Oxpecker\Obj\TouchGFX\gui\common\FrontendApplication.o
#        C:\TouchGFXProjects\KraftHeinz_DS3600\EWARM\Oxpecker\Obj\TouchGFX\generated\gui_generated\FrontendApplicationBase.o
#        C:\TouchGFXProjects\KraftHeinz_DS3600\EWARM\Oxpecker\Obj\TouchGFX\generated\fonts\GeneratedFont.o
#        C:\TouchGFXProjects\KraftHeinz_DS3600\EWARM\Oxpecker\Obj\TouchGFX\gui\simulator\ili9342c_sim.o
#        C:\TouchGFXProjects\KraftHeinz_DS3600\EWARM\Oxpecker\Obj\TouchGFX\generated\images\image_Barcode-active.o
#        C:\TouchGFXProjects\KraftHeinz_DS3600\EWARM\Oxpecker\Obj\TouchGFX\generated\images\image_Barcode.o
#        C:\TouchGFXProjects\KraftHeinz_DS3600\EWARM\Oxpecker\Obj\TouchGFX\generated\images\image_BatchOn.o
#        C:\TouchGFXProjects\KraftHeinz_DS3600\EWARM\Oxpecker\Obj\TouchGFX\generated\images\image_battery-high-eol.o
#        C:\TouchGFXProjects\KraftHeinz_DS3600\EWARM\Oxpecker\Obj\TouchGFX\generated\images\image_battery-high.o
#        C:\TouchGFXProjects\KraftHeinz_DS3600\EWARM\Oxpecker\Obj\TouchGFX\generated\images\image_battery-high3x.o
#        C:\TouchGFXProjects\KraftHeinz_DS3600\EWARM\Oxpecker\Obj\TouchGFX\generated\images\image_battery-high5x.o
#        C:\TouchGFXProjects\KraftHeinz_DS3600\EWARM\Oxpecker\Obj\TouchGFX\generated\images\image_battery-low-eol.o
#        C:\TouchGFXProjects\KraftHeinz_DS3600\EWARM\Oxpecker\Obj\TouchGFX\generated\images\image_battery-low.o
#        C:\TouchGFXProjects\KraftHeinz_DS3600\EWARM\Oxpecker\Obj\TouchGFX\generated\images\image_battery-low3x.o
#        C:\TouchGFXProjects\KraftHeinz_DS3600\EWARM\Oxpecker\Obj\TouchGFX\generated\images\image_battery-low5x.o
#        C:\TouchGFXProjects\KraftHeinz_DS3600\EWARM\Oxpecker\Obj\TouchGFX\generated\images\image_battery-med-eol.o
#        C:\TouchGFXProjects\KraftHeinz_DS3600\EWARM\Oxpecker\Obj\TouchGFX\generated\images\image_battery-med-high-eol.o
#        C:\TouchGFXProjects\KraftHeinz_DS3600\EWARM\Oxpecker\Obj\TouchGFX\generated\images\image_battery-med-high.o
#        C:\TouchGFXProjects\KraftHeinz_DS3600\EWARM\Oxpecker\Obj\TouchGFX\generated\images\image_battery-med-high3x.o
#        C:\TouchGFXProjects\KraftHeinz_DS3600\EWARM\Oxpecker\Obj\TouchGFX\generated\images\image_battery-med-high5x.o
#        C:\TouchGFXProjects\KraftHeinz_DS3600\EWARM\Oxpecker\Obj\TouchGFX\generated\images\image_battery-med-low-eol.o
#        C:\TouchGFXProjects\KraftHeinz_DS3600\EWARM\Oxpecker\Obj\TouchGFX\generated\images\image_battery-med-low.o
#        C:\TouchGFXProjects\KraftHeinz_DS3600\EWARM\Oxpecker\Obj\TouchGFX\generated\images\image_battery-med-low3x.o
#        C:\TouchGFXProjects\KraftHeinz_DS3600\EWARM\Oxpecker\Obj\TouchGFX\generated\images\image_battery-med-low5x.o
#        C:\TouchGFXProjects\KraftHeinz_DS3600\EWARM\Oxpecker\Obj\TouchGFX\generated\images\image_battery-med.o
#        C:\TouchGFXProjects\KraftHeinz_DS3600\EWARM\Oxpecker\Obj\TouchGFX\generated\images\image_battery-med3x.o
#        C:\TouchGFXProjects\KraftHeinz_DS3600\EWARM\Oxpecker\Obj\TouchGFX\generated\images\image_battery-med5x.o
#        C:\TouchGFXProjects\KraftHeinz_DS3600\EWARM\Oxpecker\Obj\TouchGFX\generated\images\image_Blue_ProgressIndicators_bg_large_progress_indicator_bg_square_0_degrees.o
#        C:\TouchGFXProjects\KraftHeinz_DS3600\EWARM\Oxpecker\Obj\TouchGFX\generated\images\image_Blue_ProgressIndicators_bg_medium_progress_indicator_bg_square_0_degrees.o
#        C:\TouchGFXProjects\KraftHeinz_DS3600\EWARM\Oxpecker\Obj\TouchGFX\generated\images\image_bluetooth-alt-active.o
#        C:\TouchGFXProjects\KraftHeinz_DS3600\EWARM\Oxpecker\Obj\TouchGFX\generated\images\image_bluetooth-alt.o
#        C:\TouchGFXProjects\KraftHeinz_DS3600\EWARM\Oxpecker\Obj\TouchGFX\generated\images\image_Check.o
#        C:\TouchGFXProjects\KraftHeinz_DS3600\EWARM\Oxpecker\Obj\TouchGFX\generated\images\image_Check_Active.o
#        C:\TouchGFXProjects\KraftHeinz_DS3600\EWARM\Oxpecker\Obj\TouchGFX\generated\images\image_Down.o
#        C:\TouchGFXProjects\KraftHeinz_DS3600\EWARM\Oxpecker\Obj\TouchGFX\generated\images\image_Exclamation.o
#        C:\TouchGFXProjects\KraftHeinz_DS3600\EWARM\Oxpecker\Obj\TouchGFX\generated\images\image_Exclamation_Active.o
#        C:\TouchGFXProjects\KraftHeinz_DS3600\EWARM\Oxpecker\Obj\TouchGFX\generated\images\image_FocusRadioOff.o
#        C:\TouchGFXProjects\KraftHeinz_DS3600\EWARM\Oxpecker\Obj\TouchGFX\generated\images\image_FocusRadioOn.o
#        C:\TouchGFXProjects\KraftHeinz_DS3600\EWARM\Oxpecker\Obj\TouchGFX\generated\images\image_Home.o
#        C:\TouchGFXProjects\KraftHeinz_DS3600\EWARM\Oxpecker\Obj\TouchGFX\generated\images\image_Left.o
#        C:\TouchGFXProjects\KraftHeinz_DS3600\EWARM\Oxpecker\Obj\TouchGFX\generated\images\image_location-active.o
#        C:\TouchGFXProjects\KraftHeinz_DS3600\EWARM\Oxpecker\Obj\TouchGFX\generated\images\image_location-hover.o
#        C:\TouchGFXProjects\KraftHeinz_DS3600\EWARM\Oxpecker\Obj\TouchGFX\generated\images\image_location-on.o
#        C:\TouchGFXProjects\KraftHeinz_DS3600\EWARM\Oxpecker\Obj\TouchGFX\generated\images\image_mdi-arrow-back-selected.o
#        C:\TouchGFXProjects\KraftHeinz_DS3600\EWARM\Oxpecker\Obj\TouchGFX\generated\images\image_mdi-arrow-back.o
#        C:\TouchGFXProjects\KraftHeinz_DS3600\EWARM\Oxpecker\Obj\TouchGFX\generated\images\image_Minus.o
#        C:\TouchGFXProjects\KraftHeinz_DS3600\EWARM\Oxpecker\Obj\TouchGFX\generated\images\image_Minus_Active.o
#        C:\TouchGFXProjects\KraftHeinz_DS3600\EWARM\Oxpecker\Obj\TouchGFX\generated\images\image_nonbattery.o
#        C:\TouchGFXProjects\KraftHeinz_DS3600\EWARM\Oxpecker\Obj\TouchGFX\generated\images\image_PreView.o
#        C:\TouchGFXProjects\KraftHeinz_DS3600\EWARM\Oxpecker\Obj\TouchGFX\generated\images\image_RadioOff.o
#        C:\TouchGFXProjects\KraftHeinz_DS3600\EWARM\Oxpecker\Obj\TouchGFX\generated\images\image_RadioOn.o
#        C:\TouchGFXProjects\KraftHeinz_DS3600\EWARM\Oxpecker\Obj\TouchGFX\generated\images\image_Right.o
#        C:\TouchGFXProjects\KraftHeinz_DS3600\EWARM\Oxpecker\Obj\TouchGFX\generated\images\image_ShiftBlue.o
#        C:\TouchGFXProjects\KraftHeinz_DS3600\EWARM\Oxpecker\Obj\TouchGFX\generated\images\image_ShiftGreen.o
#        C:\TouchGFXProjects\KraftHeinz_DS3600\EWARM\Oxpecker\Obj\TouchGFX\generated\images\image_SplashLight.o
#        C:\TouchGFXProjects\KraftHeinz_DS3600\EWARM\Oxpecker\Obj\TouchGFX\generated\images\image_Up.o
#        C:\TouchGFXProjects\KraftHeinz_DS3600\EWARM\Oxpecker\Obj\TouchGFX\generated\images\image_white_dot_official.o
#        C:\TouchGFXProjects\KraftHeinz_DS3600\EWARM\Oxpecker\Obj\TouchGFX\gui\containers\ImageFocus.o
#        C:\TouchGFXProjects\KraftHeinz_DS3600\EWARM\Oxpecker\Obj\TouchGFX\generated\gui_generated\ImageFocusBase.o
#        C:\TouchGFXProjects\KraftHeinz_DS3600\EWARM\Oxpecker\Obj\TouchGFX\gui\containers\InventToast.o
#        C:\TouchGFXProjects\KraftHeinz_DS3600\EWARM\Oxpecker\Obj\TouchGFX\generated\gui_generated\InventToastBase.o
#        C:\TouchGFXProjects\KraftHeinz_DS3600\EWARM\Oxpecker\Obj\TouchGFX\gui\containers\InventToastENT.o
#        C:\TouchGFXProjects\KraftHeinz_DS3600\EWARM\Oxpecker\Obj\TouchGFX\generated\gui_generated\InventToastENTBase.o
#        C:\TouchGFXProjects\KraftHeinz_DS3600\EWARM\Oxpecker\Obj\TouchGFX\gui\containers\InventToastFull.o
#        C:\TouchGFXProjects\KraftHeinz_DS3600\EWARM\Oxpecker\Obj\TouchGFX\generated\gui_generated\InventToastFullBase.o
#        C:\TouchGFXProjects\KraftHeinz_DS3600\EWARM\Oxpecker\Obj\TouchGFX\gui\containers\InvtListField.o
#        C:\TouchGFXProjects\KraftHeinz_DS3600\EWARM\Oxpecker\Obj\TouchGFX\gui\containers\InvtListField_Loc.o
#        C:\TouchGFXProjects\KraftHeinz_DS3600\EWARM\Oxpecker\Obj\TouchGFX\generated\gui_generated\InvtListField_LocBase.o
#        C:\TouchGFXProjects\KraftHeinz_DS3600\EWARM\Oxpecker\Obj\TouchGFX\generated\gui_generated\InvtListFieldBase.o
#        C:\TouchGFXProjects\KraftHeinz_DS3600\EWARM\Oxpecker\Obj\TouchGFX\generated\fonts\Kerning_RobotoCondensed_Bold_20_4bpp.o
#        C:\TouchGFXProjects\KraftHeinz_DS3600\EWARM\Oxpecker\Obj\TouchGFX\generated\fonts\Kerning_RobotoCondensed_Bold_24_4bpp.o
#        C:\TouchGFXProjects\KraftHeinz_DS3600\EWARM\Oxpecker\Obj\TouchGFX\generated\fonts\Kerning_RobotoCondensed_Bold_26_4bpp.o
#        C:\TouchGFXProjects\KraftHeinz_DS3600\EWARM\Oxpecker\Obj\TouchGFX\generated\fonts\Kerning_RobotoCondensed_Bold_32_4bpp.o
#        C:\TouchGFXProjects\KraftHeinz_DS3600\EWARM\Oxpecker\Obj\TouchGFX\generated\fonts\Kerning_RobotoCondensed_Bold_40_4bpp.o
#        C:\TouchGFXProjects\KraftHeinz_DS3600\EWARM\Oxpecker\Obj\TouchGFX\generated\fonts\Kerning_RobotoCondensed_Bold_48_4bpp.o
#        C:\TouchGFXProjects\KraftHeinz_DS3600\EWARM\Oxpecker\Obj\TouchGFX\generated\fonts\Kerning_RobotoCondensed_Regular_18_4bpp.o
#        C:\TouchGFXProjects\KraftHeinz_DS3600\EWARM\Oxpecker\Obj\TouchGFX\generated\fonts\Kerning_RobotoCondensed_Regular_24_4bpp.o
#        C:\TouchGFXProjects\KraftHeinz_DS3600\EWARM\Oxpecker\Obj\TouchGFX\generated\fonts\Kerning_RobotoCondensed_Regular_26_4bpp.o
#        C:\TouchGFXProjects\KraftHeinz_DS3600\EWARM\Oxpecker\Obj\TouchGFX\generated\fonts\Kerning_RobotoCondensed_Regular_32_4bpp.o
#        C:\TouchGFXProjects\KraftHeinz_DS3600\EWARM\Oxpecker\Obj\TouchGFX\generated\fonts\Kerning_RobotoCondensed_Regular_36_4bpp.o
#        C:\TouchGFXProjects\KraftHeinz_DS3600\EWARM\Oxpecker\Obj\TouchGFX\generated\fonts\Kerning_RobotoMono_Bold_40_4bpp.o
#        C:\TouchGFXProjects\KraftHeinz_DS3600\EWARM\Oxpecker\Obj\TouchGFX\generated\fonts\Kerning_RobotoMono_Regular_26_4bpp.o
#        C:\TouchGFXProjects\KraftHeinz_DS3600\EWARM\Oxpecker\Obj\TouchGFX\generated\fonts\Kerning_RobotoMono_Regular_32_4bpp.o
#        C:\TouchGFXProjects\KraftHeinz_DS3600\EWARM\Oxpecker\Obj\TouchGFX\gui\simulator\keypad_sim.o
#        C:\TouchGFXProjects\KraftHeinz_DS3600\EWARM\Oxpecker\Obj\TouchGFX\gui\simulator\KeypadHandlerSim.o
#        C:\TouchGFXProjects\KraftHeinz_DS3600\EWARM\Oxpecker\Obj\TouchGFX\gui\containers\KhBottomBar.o
#        C:\TouchGFXProjects\KraftHeinz_DS3600\EWARM\Oxpecker\Obj\TouchGFX\generated\gui_generated\KhBottomBarBase.o
#        C:\TouchGFXProjects\KraftHeinz_DS3600\EWARM\Oxpecker\Obj\TouchGFX\gui\containers\KhEnterOperator.o
#        C:\TouchGFXProjects\KraftHeinz_DS3600\EWARM\Oxpecker\Obj\TouchGFX\generated\gui_generated\KhEnterOperatorBase.o
#        C:\TouchGFXProjects\KraftHeinz_DS3600\EWARM\Oxpecker\Obj\TouchGFX\gui\containers\KhError.o
#        C:\TouchGFXProjects\KraftHeinz_DS3600\EWARM\Oxpecker\Obj\TouchGFX\generated\gui_generated\KhErrorBase.o
#        C:\TouchGFXProjects\KraftHeinz_DS3600\EWARM\Oxpecker\Obj\TouchGFX\gui\containers\KhErrorReason.o
#        C:\TouchGFXProjects\KraftHeinz_DS3600\EWARM\Oxpecker\Obj\TouchGFX\generated\gui_generated\KhErrorReasonBase.o
#        C:\TouchGFXProjects\KraftHeinz_DS3600\EWARM\Oxpecker\Obj\TouchGFX\gui\containers\khLearnBarcode.o
#        C:\TouchGFXProjects\KraftHeinz_DS3600\EWARM\Oxpecker\Obj\TouchGFX\generated\gui_generated\khLearnBarcodeBase.o
#        C:\TouchGFXProjects\KraftHeinz_DS3600\EWARM\Oxpecker\Obj\TouchGFX\gui\containers\KhListItemContainer.o
#        C:\TouchGFXProjects\KraftHeinz_DS3600\EWARM\Oxpecker\Obj\TouchGFX\generated\gui_generated\KhListItemContainerBase.o
#        C:\TouchGFXProjects\KraftHeinz_DS3600\EWARM\Oxpecker\Obj\TouchGFX\gui\containers\KhListRecordContainer.o
#        C:\TouchGFXProjects\KraftHeinz_DS3600\EWARM\Oxpecker\Obj\TouchGFX\generated\gui_generated\KhListRecordContainerBase.o
#        C:\TouchGFXProjects\KraftHeinz_DS3600\EWARM\Oxpecker\Obj\TouchGFX\gui\khmainscreen_screen\KHMainScreenPresenter.o
#        C:\TouchGFXProjects\KraftHeinz_DS3600\EWARM\Oxpecker\Obj\TouchGFX\gui\khmainscreen_screen\KHMainScreenView.o
#        C:\TouchGFXProjects\KraftHeinz_DS3600\EWARM\Oxpecker\Obj\TouchGFX\generated\gui_generated\KHMainScreenViewBase.o
#        C:\TouchGFXProjects\KraftHeinz_DS3600\EWARM\Oxpecker\Obj\TouchGFX\gui\containers\KhMenu.o
#        C:\TouchGFXProjects\KraftHeinz_DS3600\EWARM\Oxpecker\Obj\TouchGFX\generated\gui_generated\KhMenuBase.o
#        C:\TouchGFXProjects\KraftHeinz_DS3600\EWARM\Oxpecker\Obj\TouchGFX\gui\containers\KhSendData.o
#        C:\TouchGFXProjects\KraftHeinz_DS3600\EWARM\Oxpecker\Obj\TouchGFX\gui\containers\KhSendData1.o
#        C:\TouchGFXProjects\KraftHeinz_DS3600\EWARM\Oxpecker\Obj\TouchGFX\generated\gui_generated\KhSendData1Base.o
#        C:\TouchGFXProjects\KraftHeinz_DS3600\EWARM\Oxpecker\Obj\TouchGFX\generated\gui_generated\KhSendDataBase.o
#        C:\TouchGFXProjects\KraftHeinz_DS3600\EWARM\Oxpecker\Obj\TouchGFX\gui\containers\KhSplashScreen.o
#        C:\TouchGFXProjects\KraftHeinz_DS3600\EWARM\Oxpecker\Obj\TouchGFX\generated\gui_generated\KhSplashScreenBase.o
#        C:\TouchGFXProjects\KraftHeinz_DS3600\EWARM\Oxpecker\Obj\TouchGFX\gui\containers\KhSuccess.o
#        C:\TouchGFXProjects\KraftHeinz_DS3600\EWARM\Oxpecker\Obj\TouchGFX\generated\gui_generated\KhSuccessBase.o
#        C:\TouchGFXProjects\KraftHeinz_DS3600\EWARM\Oxpecker\Obj\TouchGFX\gui\containers\KhVerifyBarcode.o
#        C:\TouchGFXProjects\KraftHeinz_DS3600\EWARM\Oxpecker\Obj\TouchGFX\generated\gui_generated\KhVerifyBarcodeBase.o
#        C:\TouchGFXProjects\KraftHeinz_DS3600\EWARM\Oxpecker\Obj\TouchGFX\gui\containers\KhViewData.o
#        C:\TouchGFXProjects\KraftHeinz_DS3600\EWARM\Oxpecker\Obj\TouchGFX\generated\gui_generated\KhViewDataBase.o
#        C:\TouchGFXProjects\KraftHeinz_DS3600\EWARM\Oxpecker\Obj\TouchGFX\generated\texts\LanguageGb.o
#        C:\TouchGFXProjects\KraftHeinz_DS3600\EWARM\Oxpecker\Obj\TouchGFX\gui\containers\LocationField_Loc.o
#        C:\TouchGFXProjects\KraftHeinz_DS3600\EWARM\Oxpecker\Obj\TouchGFX\generated\gui_generated\LocationField_LocBase.o
#        C:\TouchGFXProjects\KraftHeinz_DS3600\EWARM\Oxpecker\Obj\Application\User\Core\main.o
#        C:\TouchGFXProjects\KraftHeinz_DS3600\EWARM\Oxpecker\Obj\TouchGFX\gui\containers\MatchField.o
#        C:\TouchGFXProjects\KraftHeinz_DS3600\EWARM\Oxpecker\Obj\TouchGFX\generated\gui_generated\MatchFieldBase.o
#        C:\TouchGFXProjects\KraftHeinz_DS3600\EWARM\Oxpecker\Obj\TouchGFX\gui\containers\MatchListField.o
#        C:\TouchGFXProjects\KraftHeinz_DS3600\EWARM\Oxpecker\Obj\TouchGFX\generated\gui_generated\MatchListFieldBase.o
#        C:\TouchGFXProjects\KraftHeinz_DS3600\EWARM\Oxpecker\Obj\TouchGFX\gui\containers\MatchListTitle.o
#        C:\TouchGFXProjects\KraftHeinz_DS3600\EWARM\Oxpecker\Obj\TouchGFX\generated\gui_generated\MatchListTitleBase.o
#        C:\TouchGFXProjects\KraftHeinz_DS3600\EWARM\Oxpecker\Obj\TouchGFX\gui\simulator\menuHandler_sim.o
#        C:\TouchGFXProjects\KraftHeinz_DS3600\EWARM\Oxpecker\Obj\TouchGFX\gui\containers\MenuItem.o
#        C:\TouchGFXProjects\KraftHeinz_DS3600\EWARM\Oxpecker\Obj\TouchGFX\generated\gui_generated\MenuItemBase.o
#        C:\TouchGFXProjects\KraftHeinz_DS3600\EWARM\Oxpecker\Obj\TouchGFX\gui\model\Model.o
#        C:\TouchGFXProjects\KraftHeinz_DS3600\EWARM\Oxpecker\Obj\TouchGFX\gui\containers\NumberField.o
#        C:\TouchGFXProjects\KraftHeinz_DS3600\EWARM\Oxpecker\Obj\TouchGFX\gui\containers\NumberField_Loc.o
#        C:\TouchGFXProjects\KraftHeinz_DS3600\EWARM\Oxpecker\Obj\TouchGFX\generated\gui_generated\NumberField_LocBase.o
#        C:\TouchGFXProjects\KraftHeinz_DS3600\EWARM\Oxpecker\Obj\TouchGFX\gui\containers\NumberField_Match.o
#        C:\TouchGFXProjects\KraftHeinz_DS3600\EWARM\Oxpecker\Obj\TouchGFX\generated\gui_generated\NumberField_MatchBase.o
#        C:\TouchGFXProjects\KraftHeinz_DS3600\EWARM\Oxpecker\Obj\TouchGFX\generated\gui_generated\NumberFieldBase.o
#        C:\TouchGFXProjects\KraftHeinz_DS3600\Platform\Oxpecker_platform.a
#        C:\TouchGFXProjects\KraftHeinz_DS3600\TouchGFX\gui\lib\Oxpecker_UI.a
#        C:\TouchGFXProjects\KraftHeinz_DS3600\EWARM\Oxpecker\Obj\TouchGFX\gui\containers\RadioBtn.o
#        C:\TouchGFXProjects\KraftHeinz_DS3600\EWARM\Oxpecker\Obj\TouchGFX\generated\gui_generated\RadioBtnBase.o
#        C:\TouchGFXProjects\KraftHeinz_DS3600\EWARM\Oxpecker\Obj\TouchGFX\gui\containers\SnBackGnd.o
#        C:\TouchGFXProjects\KraftHeinz_DS3600\EWARM\Oxpecker\Obj\TouchGFX\generated\gui_generated\SnBackGndBase.o
#        C:\TouchGFXProjects\KraftHeinz_DS3600\EWARM\Oxpecker\Obj\TouchGFX\gui\snbarcodeprogress_screen\SnBarcodeProgressPresenter.o
#        C:\TouchGFXProjects\KraftHeinz_DS3600\EWARM\Oxpecker\Obj\TouchGFX\gui\snbarcodeprogress_screen\SnBarcodeProgressView.o
#        C:\TouchGFXProjects\KraftHeinz_DS3600\EWARM\Oxpecker\Obj\TouchGFX\generated\gui_generated\SnBarcodeProgressViewBase.o
#        C:\TouchGFXProjects\KraftHeinz_DS3600\EWARM\Oxpecker\Obj\TouchGFX\gui\sncfgappsubmenu_screen\SnCfgAppSubMenuPresenter.o
#        C:\TouchGFXProjects\KraftHeinz_DS3600\EWARM\Oxpecker\Obj\TouchGFX\gui\sncfgappsubmenu_screen\SnCfgAppSubMenuView.o
#        C:\TouchGFXProjects\KraftHeinz_DS3600\EWARM\Oxpecker\Obj\TouchGFX\generated\gui_generated\SnCfgAppSubMenuViewBase.o
#        C:\TouchGFXProjects\KraftHeinz_DS3600\EWARM\Oxpecker\Obj\TouchGFX\gui\sncfgboolparam_screen\SnCfgBoolParamPresenter.o
#        C:\TouchGFXProjects\KraftHeinz_DS3600\EWARM\Oxpecker\Obj\TouchGFX\gui\sncfgboolparam_screen\SnCfgBoolParamView.o
#        C:\TouchGFXProjects\KraftHeinz_DS3600\EWARM\Oxpecker\Obj\TouchGFX\generated\gui_generated\SnCfgBoolParamViewBase.o
#        C:\TouchGFXProjects\KraftHeinz_DS3600\EWARM\Oxpecker\Obj\TouchGFX\gui\sncfgcharparam_screen\SnCfgCharParamPresenter.o
#        C:\TouchGFXProjects\KraftHeinz_DS3600\EWARM\Oxpecker\Obj\TouchGFX\gui\sncfgcharparam_screen\SnCfgCharParamView.o
#        C:\TouchGFXProjects\KraftHeinz_DS3600\EWARM\Oxpecker\Obj\TouchGFX\generated\gui_generated\SnCfgCharParamViewBase.o
#        C:\TouchGFXProjects\KraftHeinz_DS3600\EWARM\Oxpecker\Obj\TouchGFX\gui\sncfgmenu_screen\SnCfgMenuPresenter.o
#        C:\TouchGFXProjects\KraftHeinz_DS3600\EWARM\Oxpecker\Obj\TouchGFX\gui\sncfgmenu_screen\SnCfgMenuView.o
#        C:\TouchGFXProjects\KraftHeinz_DS3600\EWARM\Oxpecker\Obj\TouchGFX\generated\gui_generated\SnCfgMenuViewBase.o
#        C:\TouchGFXProjects\KraftHeinz_DS3600\EWARM\Oxpecker\Obj\TouchGFX\gui\sncfgnumericparam_screen\SnCfgNumericParamPresenter.o
#        C:\TouchGFXProjects\KraftHeinz_DS3600\EWARM\Oxpecker\Obj\TouchGFX\gui\sncfgnumericparam_screen\SnCfgNumericParamView.o
#        C:\TouchGFXProjects\KraftHeinz_DS3600\EWARM\Oxpecker\Obj\TouchGFX\generated\gui_generated\SnCfgNumericParamViewBase.o
#        C:\TouchGFXProjects\KraftHeinz_DS3600\EWARM\Oxpecker\Obj\TouchGFX\gui\sncfgradioparam_screen\SnCfgRadioParamPresenter.o
#        C:\TouchGFXProjects\KraftHeinz_DS3600\EWARM\Oxpecker\Obj\TouchGFX\gui\sncfgradioparam_screen\SnCfgRadioParamView.o
#        C:\TouchGFXProjects\KraftHeinz_DS3600\EWARM\Oxpecker\Obj\TouchGFX\generated\gui_generated\SnCfgRadioParamViewBase.o
#        C:\TouchGFXProjects\KraftHeinz_DS3600\EWARM\Oxpecker\Obj\TouchGFX\gui\sncfgstringparam_screen\SnCfgStringParamPresenter.o
#        C:\TouchGFXProjects\KraftHeinz_DS3600\EWARM\Oxpecker\Obj\TouchGFX\gui\sncfgstringparam_screen\SnCfgStringParamView.o
#        C:\TouchGFXProjects\KraftHeinz_DS3600\EWARM\Oxpecker\Obj\TouchGFX\generated\gui_generated\SnCfgStringParamViewBase.o
#        C:\TouchGFXProjects\KraftHeinz_DS3600\EWARM\Oxpecker\Obj\TouchGFX\gui\snfnkeyassign_screen\SnFnKeyAssignPresenter.o
#        C:\TouchGFXProjects\KraftHeinz_DS3600\EWARM\Oxpecker\Obj\TouchGFX\gui\snfnkeyassign_screen\SnFnKeyAssignView.o
#        C:\TouchGFXProjects\KraftHeinz_DS3600\EWARM\Oxpecker\Obj\TouchGFX\generated\gui_generated\SnFnKeyAssignViewBase.o
#        C:\TouchGFXProjects\KraftHeinz_DS3600\EWARM\Oxpecker\Obj\TouchGFX\gui\snhomemenu_screen\SnHomeMenuPresenter.o
#        C:\TouchGFXProjects\KraftHeinz_DS3600\EWARM\Oxpecker\Obj\TouchGFX\gui\snhomemenu_screen\SnHomeMenuView.o
#        C:\TouchGFXProjects\KraftHeinz_DS3600\EWARM\Oxpecker\Obj\TouchGFX\generated\gui_generated\SnHomeMenuViewBase.o
#        C:\TouchGFXProjects\KraftHeinz_DS3600\EWARM\Oxpecker\Obj\TouchGFX\gui\snimageview_screen\SnImageViewPresenter.o
#        C:\TouchGFXProjects\KraftHeinz_DS3600\EWARM\Oxpecker\Obj\TouchGFX\gui\snimageview_screen\SnImageViewView.o
#        C:\TouchGFXProjects\KraftHeinz_DS3600\EWARM\Oxpecker\Obj\TouchGFX\generated\gui_generated\SnImageViewViewBase.o
#        C:\TouchGFXProjects\KraftHeinz_DS3600\EWARM\Oxpecker\Obj\TouchGFX\gui\snoutinmatch_screen\SnOutInMatchPresenter.o
#        C:\TouchGFXProjects\KraftHeinz_DS3600\EWARM\Oxpecker\Obj\TouchGFX\gui\snoutinmatch_screen\SnOutInMatchView.o
#        C:\TouchGFXProjects\KraftHeinz_DS3600\EWARM\Oxpecker\Obj\TouchGFX\generated\gui_generated\SnOutInMatchViewBase.o
#        C:\TouchGFXProjects\KraftHeinz_DS3600\EWARM\Oxpecker\Obj\TouchGFX\gui\snscanandentloc_screen\SnScanAndEntLocPresenter.o
#        C:\TouchGFXProjects\KraftHeinz_DS3600\EWARM\Oxpecker\Obj\TouchGFX\gui\snscanandentloc_screen\SnScanAndEntLocView.o
#        C:\TouchGFXProjects\KraftHeinz_DS3600\EWARM\Oxpecker\Obj\TouchGFX\generated\gui_generated\SnScanAndEntLocViewBase.o
#        C:\TouchGFXProjects\KraftHeinz_DS3600\EWARM\Oxpecker\Obj\TouchGFX\gui\snscanandentqty_d_screen\SnScanAndEntQty_DPresenter.o
#        C:\TouchGFXProjects\KraftHeinz_DS3600\EWARM\Oxpecker\Obj\TouchGFX\gui\snscanandentqty_d_screen\SnScanAndEntQty_DView.o
#        C:\TouchGFXProjects\KraftHeinz_DS3600\EWARM\Oxpecker\Obj\TouchGFX\generated\gui_generated\SnScanAndEntQty_DViewBase.o
#        C:\TouchGFXProjects\KraftHeinz_DS3600\EWARM\Oxpecker\Obj\TouchGFX\gui\snscanandentqty_screen\SnScanAndEntQtyPresenter.o
#        C:\TouchGFXProjects\KraftHeinz_DS3600\EWARM\Oxpecker\Obj\TouchGFX\gui\snscanandentqty_screen\SnScanAndEntQtyView.o
#        C:\TouchGFXProjects\KraftHeinz_DS3600\EWARM\Oxpecker\Obj\TouchGFX\generated\gui_generated\SnScanAndEntQtyViewBase.o
#        C:\TouchGFXProjects\KraftHeinz_DS3600\EWARM\Oxpecker\Obj\TouchGFX\gui\snscaninventory_screen\SnScanInventoryPresenter.o
#        C:\TouchGFXProjects\KraftHeinz_DS3600\EWARM\Oxpecker\Obj\TouchGFX\gui\snscaninventory_screen\SnScanInventoryView.o
#        C:\TouchGFXProjects\KraftHeinz_DS3600\EWARM\Oxpecker\Obj\TouchGFX\generated\gui_generated\SnScanInventoryViewBase.o
#        C:\TouchGFXProjects\KraftHeinz_DS3600\EWARM\Oxpecker\Obj\TouchGFX\gui\snscreensaver_screen\SnScreensaverPresenter.o
#        C:\TouchGFXProjects\KraftHeinz_DS3600\EWARM\Oxpecker\Obj\TouchGFX\gui\snscreensaver_screen\SnScreensaverView.o
#        C:\TouchGFXProjects\KraftHeinz_DS3600\EWARM\Oxpecker\Obj\TouchGFX\generated\gui_generated\SnScreensaverViewBase.o
#        C:\TouchGFXProjects\KraftHeinz_DS3600\EWARM\Oxpecker\Obj\TouchGFX\gui\snsplash_screen\SnSplashPresenter.o
#        C:\TouchGFXProjects\KraftHeinz_DS3600\EWARM\Oxpecker\Obj\TouchGFX\gui\snsplash_screen\SnSplashView.o
#        C:\TouchGFXProjects\KraftHeinz_DS3600\EWARM\Oxpecker\Obj\TouchGFX\generated\gui_generated\SnSplashViewBase.o
#        C:\TouchGFXProjects\KraftHeinz_DS3600\EWARM\Oxpecker\Obj\TouchGFX\gui\simulator\SSI_cmd_sim.o
#        C:\TouchGFXProjects\KraftHeinz_DS3600\EWARM\Oxpecker\Obj\Application\EWARM\startup_stm32l4r7xx.o
#        C:\TouchGFXProjects\KraftHeinz_DS3600\EWARM\Oxpecker\Obj\TouchGFX\gui\containers\StatusBar.o
#        C:\TouchGFXProjects\KraftHeinz_DS3600\EWARM\Oxpecker\Obj\TouchGFX\generated\gui_generated\StatusBarBase.o
#        C:\TouchGFXProjects\KraftHeinz_DS3600\EWARM\Oxpecker\Obj\Application\User\Core\stm32l4xx_it.o
#        C:\TouchGFXProjects\KraftHeinz_DS3600\EWARM\Oxpecker\Obj\TouchGFX\gui\simulator\strFilter_sim.o
#        C:\TouchGFXProjects\KraftHeinz_DS3600\EWARM\Oxpecker\Obj\TouchGFX\gui\containers\SuccessCue.o
#        C:\TouchGFXProjects\KraftHeinz_DS3600\EWARM\Oxpecker\Obj\TouchGFX\generated\gui_generated\SuccessCueBase.o
#        C:\TouchGFXProjects\KraftHeinz_DS3600\EWARM\Oxpecker\Obj\TouchGFX\generated\fonts\Table_RobotoCondensed_Bold_20_4bpp.o
#        C:\TouchGFXProjects\KraftHeinz_DS3600\EWARM\Oxpecker\Obj\TouchGFX\generated\fonts\Table_RobotoCondensed_Bold_24_4bpp.o
#        C:\TouchGFXProjects\KraftHeinz_DS3600\EWARM\Oxpecker\Obj\TouchGFX\generated\fonts\Table_RobotoCondensed_Bold_26_4bpp.o
#        C:\TouchGFXProjects\KraftHeinz_DS3600\EWARM\Oxpecker\Obj\TouchGFX\generated\fonts\Table_RobotoCondensed_Bold_32_4bpp.o
#        C:\TouchGFXProjects\KraftHeinz_DS3600\EWARM\Oxpecker\Obj\TouchGFX\generated\fonts\Table_RobotoCondensed_Bold_40_4bpp.o
#        C:\TouchGFXProjects\KraftHeinz_DS3600\EWARM\Oxpecker\Obj\TouchGFX\generated\fonts\Table_RobotoCondensed_Bold_48_4bpp.o
#        C:\TouchGFXProjects\KraftHeinz_DS3600\EWARM\Oxpecker\Obj\TouchGFX\generated\fonts\Table_RobotoCondensed_Regular_18_4bpp.o
#        C:\TouchGFXProjects\KraftHeinz_DS3600\EWARM\Oxpecker\Obj\TouchGFX\generated\fonts\Table_RobotoCondensed_Regular_24_4bpp.o
#        C:\TouchGFXProjects\KraftHeinz_DS3600\EWARM\Oxpecker\Obj\TouchGFX\generated\fonts\Table_RobotoCondensed_Regular_26_4bpp.o
#        C:\TouchGFXProjects\KraftHeinz_DS3600\EWARM\Oxpecker\Obj\TouchGFX\generated\fonts\Table_RobotoCondensed_Regular_32_4bpp.o
#        C:\TouchGFXProjects\KraftHeinz_DS3600\EWARM\Oxpecker\Obj\TouchGFX\generated\fonts\Table_RobotoCondensed_Regular_36_4bpp.o
#        C:\TouchGFXProjects\KraftHeinz_DS3600\EWARM\Oxpecker\Obj\TouchGFX\generated\fonts\Table_RobotoMono_Bold_40_4bpp.o
#        C:\TouchGFXProjects\KraftHeinz_DS3600\EWARM\Oxpecker\Obj\TouchGFX\generated\fonts\Table_RobotoMono_Regular_26_4bpp.o
#        C:\TouchGFXProjects\KraftHeinz_DS3600\EWARM\Oxpecker\Obj\TouchGFX\generated\fonts\Table_RobotoMono_Regular_32_4bpp.o
#        C:\TouchGFXProjects\KraftHeinz_DS3600\EWARM\Oxpecker\Obj\TouchGFX\generated\texts\Texts.o
#        C:\TouchGFXProjects\KraftHeinz_DS3600\EWARM\Oxpecker\Obj\TouchGFX\gui\containers\TextToast.o
#        C:\TouchGFXProjects\KraftHeinz_DS3600\EWARM\Oxpecker\Obj\TouchGFX\gui\containers\TextToast_2Blod.o
#        C:\TouchGFXProjects\KraftHeinz_DS3600\EWARM\Oxpecker\Obj\TouchGFX\generated\gui_generated\TextToast_2BlodBase.o
#        C:\TouchGFXProjects\KraftHeinz_DS3600\EWARM\Oxpecker\Obj\TouchGFX\generated\gui_generated\TextToastBase.o
#        C:\TouchGFXProjects\KraftHeinz_DS3600\Middlewares\ST\touchgfx\lib\core\cortex_m4f\IAR8.x\touchgfx_core.a
#        C:\TouchGFXProjects\KraftHeinz_DS3600\EWARM\Oxpecker\Obj\TouchGFX\generated\texts\TypedTextDatabase.o
#        C:\TouchGFXProjects\KraftHeinz_DS3600\EWARM\Oxpecker\Obj\TouchGFX\gui\containers\UnexpectField.o
#        C:\TouchGFXProjects\KraftHeinz_DS3600\EWARM\Oxpecker\Obj\TouchGFX\generated\gui_generated\UnexpectFieldBase.o
#        C:\TouchGFXProjects\KraftHeinz_DS3600\EWARM\Oxpecker\Obj\TouchGFX\gui\simulator\user_cfg_sim.o
#        C:\TouchGFXProjects\KraftHeinz_DS3600\EWARM\Oxpecker\Obj\Feature\user_cfg_wrapper.o
#        C:\TouchGFXProjects\KraftHeinz_DS3600\EWARM\Oxpecker\Obj\TouchGFX\gui\containers\WildcardedCharEntryField.o
#        C:\TouchGFXProjects\KraftHeinz_DS3600\EWARM\Oxpecker\Obj\TouchGFX\generated\gui_generated\WildcardedCharEntryFieldBase.o
#        C:\TouchGFXProjects\KraftHeinz_DS3600\EWARM\Oxpecker\Obj\TouchGFX\gui\containers\WildcardedEntQTYToutField.o
#        C:\TouchGFXProjects\KraftHeinz_DS3600\EWARM\Oxpecker\Obj\TouchGFX\generated\gui_generated\WildcardedEntQTYToutFieldBase.o
#        C:\TouchGFXProjects\KraftHeinz_DS3600\EWARM\Oxpecker\Obj\TouchGFX\gui\containers\WildcardedMenuItem.o
#        C:\TouchGFXProjects\KraftHeinz_DS3600\EWARM\Oxpecker\Obj\TouchGFX\generated\gui_generated\WildcardedMenuItemBase.o
#        C:\TouchGFXProjects\KraftHeinz_DS3600\EWARM\Oxpecker\Obj\TouchGFX\gui\containers\WildcardedRadioBtn.o
#        C:\TouchGFXProjects\KraftHeinz_DS3600\EWARM\Oxpecker\Obj\TouchGFX\generated\gui_generated\WildcardedRadioBtnBase.o
#        C:\TouchGFXProjects\KraftHeinz_DS3600\EWARM\Oxpecker\Obj\TouchGFX\gui\common\ZebraApplication.o
#        --redirect _Printf=_PrintfFull --redirect _Scanf=_ScanfFull
#        --no_out_extension -o
#        C:\TouchGFXProjects\KraftHeinz_DS3600\EWARM\Oxpecker\Exe\STM32L4R7I_OCB.out
#        --map
#        C:\TouchGFXProjects\KraftHeinz_DS3600\EWARM\Oxpecker\List\STM32L4R7I_OCB.map
#        --config
#        C:\TouchGFXProjects\KraftHeinz_DS3600\EWARM/stm32l4r7xx_flash.icf
#        --semihosting --entry __iar_program_start --vfe --text_out locale)
#
###############################################################################

*******************************************************************************
*** MESSAGES
***


  place in SRAM1_region { };
                            ^
"C:\TouchGFXProjects\KraftHeinz_DS3600\EWARM/stm32l4r7xx_flash.icf",52  Warning[Lc059]: 
          the section name in this pattern caused it to not match any sections.
          Similar section names in the program are:
               "IntFlashSection"
               "TextFlashSection"


*******************************************************************************
*** RUNTIME MODEL ATTRIBUTES
***

CppFlavor                     = *
__CPP_Exceptions              = Disabled
__CPP_Language                = C++14
__Heap_Handler                = DLMalloc
__SystemLibrary               = DLib
__dlib_dynamic_initialization = normal
__dlib_version                = 6


*******************************************************************************
*** HEAP SELECTION
***

The advanced heap was selected because the application calls memory
allocation functions outside of system library functions, and there
are calls to deallocation functions in the application.


*******************************************************************************
*** PLACEMENT SUMMARY
***

"A0":  place at address 0x801'0000 { ro section .intvec };
"P1":  place in [from 0x801'0000 to 0x81f'ffff] { ro };
define block CSTACK with size = 18K, alignment = 8 { };
define block HEAP with expanding size, minimum size = 20K, alignment = 8 { };
"P2":  place in [from 0x2000'0000 to 0x2009'ffff] {
          rw, block CSTACK, block HEAP };
initialize by copy { rw };

No sections matched the following patterns:

  section ExtFlashSection  in "P6"


  Section                 Kind         Address       Size  Object
  -------                 ----         -------       ----  ------
"A0":                                               0x1bc
  .intvec                 ro code   0x801'0000      0x1bc  startup_stm32l4r7xx.o [1]
                                  - 0x801'01bc      0x1bc

"P1":                                           0x14'4c7b
  IntFlashSection         const     0x801'01bc   0x2'5800  image_SplashLight.o [7]
  IntFlashSection         const     0x803'59bc   0x1'8000  image_PreView.o [7]
  IntFlashSection         const     0x804'd9bc     0x9a38  image_battery-med5x.o [7]
  IntFlashSection         const     0x805'73f4     0x9920  image_battery-med-high5x.o [7]
  IntFlashSection         const     0x806'0d14     0x9920  image_battery-med-low5x.o [7]
  IntFlashSection         const     0x806'a634     0x9808  image_battery-low5x.o [7]
  IntFlashSection         const     0x807'3e3c     0x9804  image_battery-high5x.o [7]
  IntFlashSection         const     0x807'd640     0x9000  image_battery-high3x.o [7]
  IntFlashSection         const     0x808'6640     0x9000  image_battery-low3x.o [7]
  IntFlashSection         const     0x808'f640     0x9000  image_battery-med-high3x.o [7]
  IntFlashSection         const     0x809'8640     0x9000  image_battery-med-low3x.o [7]
  IntFlashSection         const     0x80a'1640     0x9000  image_battery-med3x.o [7]
  FontFlashSection        const     0x80a'a640     0x5ebc  Font_RobotoMono_Bold_40_4bpp_0.o [5]
  .text                   ro code   0x80b'04fc     0x5828  SSI_cmd.o [33]
  .text                   ro code   0x80b'5d24      0x320  LowPower.o [33]
  .text                   ro code   0x80b'6044       0x28  stm32l4xx_hal.o [33]
  .text                   ro code   0x80b'606c     0x112c  stm32l4xx_hal_uart.o [33]
  .text                   ro code   0x80b'7198       0x28  printf.o [34]
  .text                   ro code   0x80b'71c0      0x6c4  cmsis_os2.o [33]
  .text                   ro code   0x80b'7884      0xce6  canopyAuto_usercfg.o [2]
  .text                   ro code   0x80b'856a       0x26  xencoding_8859_1.o [34]
  .text                   ro code   0x80b'8590      0xa50  user_cfg.o [33]
  .text                   ro code   0x80b'8fe0       0x14  strlen_small.o [37]
  .text                   ro code   0x80b'8ff4        0x6  ABImemclr4.o [37]
  .text                   ro code   0x80b'8ffa       0x1e  CachedFont.o [5]
  .text                   ro code   0x80b'9018        0x6  ABImemclr.o [37]
  .text                   ro code   0x80b'901e       0x1a  FrontendApplication.o [9]
  .text                   ro code   0x80b'9038       0xa6  ABImemcpy.o [37]
  .text                   ro code   0x80b'90de       0x1a  FrontendApplication.o [9]
  .text                   ro code   0x80b'90f8      0x40c  ospiflash.o [33]
  .text                   ro code   0x80b'9504      0x122  canopyAutoParams.o [2]
  .text                   ro code   0x80b'9626       0x1a  LCD16bpp.o [39]
  .text                   ro code   0x80b'9640       0x1e  memcmp_small.o [37]
  .text                   ro code   0x80b'965e       0x1a  xsnprout.o [34]
  .text                   ro code   0x80b'9678       0x40  sprintf.o [34]
  .text                   ro code   0x80b'96b8      0x2b0  eeprom_emu.o [33]
  .text                   ro code   0x80b'9968      0x4d8  user_cfg_wrapper.o [4]
  .text                   ro code   0x80b'9e40       0x60  menuHandler.o [33]
  .text                   ro code   0x80b'9ea0       0x18  strcpy.o [37]
  .text                   ro code   0x80b'9eb8       0x3a  ABImemset48.o [37]
  .text                   ro code   0x80b'9ef2       0x1a  xsproutsecure.o [34]
  .text                   ro code   0x80b'9f0c       0x88  customAPIcallback.o [33]
  .text                   ro code   0x80b'9f94       0x70  strncpy.o [37]
  .text                   ro code   0x80b'a004      0x4e4  keypad.o [33]
  .text                   ro code   0x80b'a4e8       0x4c  strtok.o [34]
  .text                   ro code   0x80b'a534      0x10c  stm32l4xx_hal_pwr_ex.o [33]
  .text                   ro code   0x80b'a640       0x1e  stm32l4xx_hal.o [33]
  .text                   ro code   0x80b'a65e       0x12  Image.o [39]
  .text                   ro code   0x80b'a670      0xbac  oxpecker_platform.o [33]
  .text                   ro code   0x80b'b21c      0x568  ili9342c.o [33]
  .text                   ro code   0x80b'b784      0x23c  blctrl.o [33]
  .text                   ro code   0x80b'b9c0      0x200  stm32l4xx_hal_gpio.o [33]
  .text                   ro code   0x80b'bbc0        0xc  stm32l4xx_hal.o [33]
  .text                   ro code   0x80b'bbcc      0x540  stm32l4xx_hal_msp.o [33]
  .text                   ro code   0x80b'c10c      0x340  stm32l4xx_hal_dma.o [33]
  .text                   ro code   0x80b'c44c        0x2  stm32l4xx_hal_uart.o [33]
  .text                   ro code   0x80b'c44e        0x2  stm32l4xx_hal_uart_ex.o [33]
  .text                   ro code   0x80b'c450        0x2  stm32l4xx_hal_uart.o [33]
  .text                   ro code   0x80b'c452        0x2  stm32l4xx_hal_uart_ex.o [33]
  .text                   ro code   0x80b'c454        0x2  stm32l4xx_hal_uart_ex.o [33]
  .text                   ro code   0x80b'c456       0x12  Image.o [39]
  .text                   ro code   0x80b'c468      0x838  stm32l4xx_hal_rcc.o [33]
  .text                   ro code   0x80b'cca0      0x14a  I64DivMod_small.o [37]
  .text                   ro code   0x80b'cdea        0xa  CachedFont.o [5]
  .text                   ro code   0x80b'cdf4       0x26  main.o [2]
  .text                   ro code   0x80b'ce1a        0x2  stm32l4xx_hal_uart.o [33]
  .text                   ro code   0x80b'ce1c     0x101e  xprintffull.o [34]
  .text                   ro code   0x80b'de3a        0xa  TouchGFXConfiguration.o [33]
  .text                   ro code   0x80b'de44      0x89c  tasks.o [33]
  .text                   ro code   0x80b'e6e0      0x464  timers.o [33]
  .text                   ro code   0x80b'eb44      0x1a4  heap_4.o [33]
  .text                   ro code   0x80b'ece8      0x140  event_groups.o [33]
  .text                   ro code   0x80b'ee28      0x88c  queue.o [33]
  .text                   ro code   0x80b'f6b4       0x66  ABImemset.o [37]
  .text                   ro code   0x80b'f71a        0xa  TouchGFXConfiguration.o [33]
  .text                   ro code   0x80b'f724      0x938  stm32l4xx_hal_ospi.o [33]
  .text                   ro code   0x80c'005c       0x14  memset.o [37]
  .text                   ro code   0x80c'0070      0x8ec  Model.o [12]
  .text                   ro code   0x80c'095c        0xe  user_cfg_wrapper.o [4]
  .text                   ro code   0x80c'096a       0x14  KHMainScreenView.o [11]
  .text                   ro code   0x80c'097e        0x4  EntStrField.o [10]
  .text                   ro code   0x80c'0982       0x24  user_cfg_wrapper.o [4]
  .text                   ro code   0x80c'09a6        0xc  KHMainScreenView.o [11]
  .text                   ro code   0x80c'09b2        0xa  HAL.o [39]
  .text                   ro code   0x80c'09bc       0xbc  stm32l4xx_hal_cortex.o [33]
  .text                   ro code   0x80c'0a78       0x22  strspn.o [34]
  .text                   ro code   0x80c'0a9a       0x22  strcspn.o [34]
  .text                   ro code   0x80c'0abc       0x78  stm32l4xx_hal_timebase_tim.o [33]
  .text                   ro code   0x80c'0b34       0x7c  stm32l4xx_hal_crc.o [33]
  .text                   ro code   0x80c'0bb0       0xac  stm32l4xx_hal_gfxmmu.o [33]
  .text                   ro code   0x80c'0c5c      0x368  stm32l4xx_hal_dma2d.o [33]
  .text                   ro code   0x80c'0fc4      0x1f0  w25q256jw.o [33]
  .text                   ro code   0x80c'11b4      0x6c8  stm32l4xx_hal_spi.o [33]
  .text                   ro code   0x80c'187c      0x4b0  stm32l4xx_hal_i2c.o [33]
  .text                   ro code   0x80c'1d2c       0x7e  stm32l4xx_hal_i2c_ex.o [33]
  .text                   ro code   0x80c'1daa        0xa  xsprout.o [34]
  .text                   ro code   0x80c'1db4      0x110  stm32l4xx_hal_uart_ex.o [33]
  .text                   ro code   0x80c'1ec4      0x8c2  stm32l4xx_hal_tim.o [33]
  .text                   ro code   0x80c'2786        0x6  CachedFont.o [5]
  .text                   ro code   0x80c'278c       0x94  stm32l4xx_hal_tim_ex.o [33]
  .text                   ro code   0x80c'2820       0x58  stm32l4xx_hal_sram.o [33]
  .text                   ro code   0x80c'2878        0x8  app_touchgfx.o [3]
  .text                   ro code   0x80c'2880       0x12  oxpecker_ui_ver_check.o [32]
  .text                   ro code   0x80c'2892        0x6  FnKeyDefinitions1.o [22]
  .text                   ro code   0x80c'2898       0x80  bldInfo.o [33]
  .text                   ro code   0x80c'2918      0x111  opt3001.o [33]
  .text                   ro code   0x80c'2a2a        0x6  FnKeyDefinitions1.o [22]
  .text                   ro code   0x80c'2a30      0x5c4  stm32l4xx_hal_rcc_ex.o [33]
  .text                   ro code   0x80c'2ff4       0xc8  TouchGFXHAL.o [33]
  .text                   ro code   0x80c'30bc       0x34  DblCmpGe.o [36]
  .text                   ro code   0x80c'30f0       0x34  DblCmpLe.o [36]
  .text                   ro code   0x80c'3124        0x2  I64DivZer.o [37]
  .text                   ro code   0x80c'3126        0x6  FrontendApplication.o [9]
  .text                   ro code   0x80c'312c       0x10  stm32l4xx_hal.o [33]
  .text                   ro code   0x80c'313c       0xf8  xlocale_c.o [34]
  .text                   ro code   0x80c'3234       0x16  strchr.o [37]
  .text                   ro code   0x80c'324a        0x6  HAL.o [39]
  .text                   ro code   0x80c'3250       0x40  xfail_s.o [34]
  .text                   ro code   0x80c'3290       0x18  memchr_small.o [37]
  .text                   ro code   0x80c'32a8       0x70  frexp.o [36]
  .text                   ro code   0x80c'3318      0x13a  ldexp.o [36]
  .text                   ro code   0x80c'3452        0x6  CanvasWidget.o [39]
  .text                   ro code   0x80c'3458       0x36  DblToS32.o [36]
  .text                   ro code   0x80c'348e        0x6  Line.o [39]
  .text                   ro code   0x80c'3494       0x22  S32ToDbl.o [36]
  .text                   ro code   0x80c'34b6        0x6  STM32DMA.o [33]
  .text                   ro code   0x80c'34bc      0x25e  DblAddSub.o [36]
  .text                   ro code   0x80c'371a        0x6  STM32DMA.o [33]
  .text                   ro code   0x80c'3720      0x246  DblDiv.o [36]
  .text                   ro code   0x80c'3966        0x6  STM32DMA.o [33]
  .text                   ro code   0x80c'396c       0x22  DblToU32.o [36]
  .text                   ro code   0x80c'398e        0x6  STM32TouchController.o [33]
  .text                   ro code   0x80c'3994       0x1c  U32ToDbl.o [36]
  .text                   ro code   0x80c'39b0      0x1aa  DblMul.o [36]
  .text                   ro code   0x80c'3b5a        0xa  xmbcurmax.o [34]
  .text                   ro code   0x80c'3b64       0x92  list.o [33]
  .rodata                 const     0x80c'3bf6        0x2  xlocale_c.o [34]
  .text                   ro code   0x80c'3bf8      0x1c6  port.o [33]
  .text                   ro code   0x80c'3dbe        0x2  cmsis_os2.o [33]
  .text                   ro code   0x80c'3dc0       0x1a  Model.o [12]
  .rodata                 const     0x80c'3dda        0x2  xlocale_c.o [34]
  .text                   ro code   0x80c'3ddc       0x18  Model.o [12]
  .text                   ro code   0x80c'3df4       0x18  BarcodeField.o [10]
  .text                   ro code   0x80c'3e0c       0x3c  KHMainScreenView.o [11]
  .text                   ro code   0x80c'3e48       0x54  Model.o [12]
  .text                   ro code   0x80c'3e9c       0x3e  KHMainScreenView.o [11]
  .text                   ro code   0x80c'3eda       0x12  Model.o [12]
  .text                   ro code   0x80c'3eec       0x30  Model.o [12]
  .text                   ro code   0x80c'3f1c        0xc  Model.o [12]
  .text                   ro code   0x80c'3f28       0x56  Model.o [12]
  .text                   ro code   0x80c'3f7e       0x16  FnKeyDefinitions1.o [22]
  .text                   ro code   0x80c'3f94        0x4  KHMainScreenView.o [11]
  .text                   ro code   0x80c'3f98      0x488  decodeDataHandler.o [33]
  .text                   ro code   0x80c'4420       0x1c  Model.o [12]
  .text                   ro code   0x80c'443c       0x30  BarcodeField.o [10]
  .text                   ro code   0x80c'446c       0xc0  Model.o [12]
  .text                   ro code   0x80c'452c       0x22  Model.o [12]
  .text                   ro code   0x80c'454e        0x2  BarcodeField.o [10]
  .text                   ro code   0x80c'4550       0x24  ConfigParam.o [9]
  .text                   ro code   0x80c'4574        0xe  FnKeyDefinitions1.o [22]
  .text                   ro code   0x80c'4582       0xa4  Model.o [12]
  .text                   ro code   0x80c'4626        0xa  BarcodeField.o [10]
  .text                   ro code   0x80c'4630        0xe  FnKeyDefinitions1.o [22]
  .text                   ro code   0x80c'463e       0x22  BarcodeField.o [10]
  .text                   ro code   0x80c'4660        0xc  ConfigParam.o [9]
  .text                   ro code   0x80c'466c       0x10  Model.o [12]
  .text                   ro code   0x80c'467c       0x10  Model.o [12]
  .text                   ro code   0x80c'468c       0x56  FnKeyDefinitions1.o [22]
  .text                   ro code   0x80c'46e2       0x5c  FnKeyDefinitions1.o [22]
  .text                   ro code   0x80c'473e       0x1e  FnKeyDefinitions1.o [22]
  .text                   ro code   0x80c'475c        0xe  Model.o [12]
  .text                   ro code   0x80c'476a       0x10  BarcodeField.o [10]
  .text                   ro code   0x80c'477a       0x86  Model.o [12]
  .text                   ro code   0x80c'4800        0x4  KHMainScreenView.o [11]
  .text                   ro code   0x80c'4804       0x48  KHMainScreenView.o [11]
  .text                   ro code   0x80c'484c       0x54  Model.o [12]
  .text                   ro code   0x80c'48a0        0xc  FnKeyDefinitions1.o [22]
  .text                   ro code   0x80c'48ac       0x56  KHMainScreenPresenter.o [11]
  .text                   ro code   0x80c'4902       0x1e  KHMainScreenPresenter.o [11]
  .text                   ro code   0x80c'4920        0xc  KHMainScreenPresenter.o [11]
  .text                   ro code   0x80c'492c        0xc  KHMainScreenPresenter.o [11]
  .text                   ro code   0x80c'4938        0xe  KHMainScreenPresenter.o [11]
  .text                   ro code   0x80c'4946        0x2  BarcodeField.o [10]
  .text                   ro code   0x80c'4948       0x24  newop_0.o [35]
  .text                   ro code   0x80c'496c       0x4c  FnKeyDefinitions1.o [22]
  .text                   ro code   0x80c'49b8       0x54  FnKeyDefinitions1.o [22]
  .text                   ro code   0x80c'4a0c        0xc  FnKeyDefinitions1.o [22]
  .text                   ro code   0x80c'4a18       0x58  KHMainScreenView.o [11]
  .text                   ro code   0x80c'4a70       0x2c  KHMainScreenView.o [11]
  .text                   ro code   0x80c'4a9c       0x4c  stm32l4xx_hal_crc_ex.o [33]
  .text                   ro code   0x80c'4ae8        0x2  stm32l4xx_hal_dma2d.o [33]
  .text                   ro code   0x80c'4aea        0x2  stm32l4xx_hal_dma2d.o [33]
  .text                   ro code   0x80c'4aec        0x2  stm32l4xx_hal_spi.o [33]
  .text                   ro code   0x80c'4aee        0x2  stm32l4xx_hal_spi.o [33]
  .text                   ro code   0x80c'4af0        0x2  stm32l4xx_hal_tim.o [33]
  .text                   ro code   0x80c'4af2        0x2  stm32l4xx_hal_tim.o [33]
  .text                   ro code   0x80c'4af4        0x2  stm32l4xx_hal_tim.o [33]
  .text                   ro code   0x80c'4af6        0x2  stm32l4xx_hal_tim_ex.o [33]
  .text                   ro code   0x80c'4af8        0x2  stm32l4xx_hal_tim_ex.o [33]
  .text                   ro code   0x80c'4afa        0x2  stm32l4xx_hal_tim.o [33]
  .text                   ro code   0x80c'4afc        0x2  stm32l4xx_hal_tim_ex.o [33]
  .text                   ro code   0x80c'4afe        0x2  stm32l4xx_hal_tim.o [33]
  .text                   ro code   0x80c'4b00      0x130  stm32l4xx_ll_fmc.o [33]
  .text                   ro code   0x80c'4c30       0x94  TouchGFXConfiguration.o [33]
  .text                   ro code   0x80c'4cc4       0x16  math_wrappers64.o [36]
  .text                   ro code   0x80c'4cda        0x2  BarcodeField.o [10]
  .text                   ro code   0x80c'4cdc       0x6a  TouchGFXGeneratedHAL.o [33]
  .text                   ro code   0x80c'4d46        0x2  BarcodeField.o [10]
  .text                   ro code   0x80c'4d48       0xa4  OSWrappers.o [33]
  .text                   ro code   0x80c'4dec        0x6  abort.o [34]
  .text                   ro code   0x80c'4df2        0x2  BarcodeField.o [10]
  .text                   ro code   0x80c'4df4       0x24  errno.o [34]
  .text                   ro code   0x80c'4e18       0x28  port.o [33]
  CODE                    ro code   0x80c'4e40       0xb0  portasm.o [33]
  .text                   ro code   0x80c'4ef0        0xe  Model.o [12]
  .text                   ro code   0x80c'4efe        0xc  Model.o [12]
  .text                   ro code   0x80c'4f0a        0x2  FrontendApplication.o [9]
  .text                   ro code   0x80c'4f0c       0x18  BarcodeField.o [10]
  .text                   ro code   0x80c'4f24       0x36  BarcodeField.o [10]
  .text                   ro code   0x80c'4f5a       0x16  Model.o [12]
  .text                   ro code   0x80c'4f70       0x64  Model.o [12]
  .text                   ro code   0x80c'4fd4        0x4  Model.o [12]
  .text                   ro code   0x80c'4fd8        0xc  Model.o [12]
  .text                   ro code   0x80c'4fe4        0x2  Model.o [12]
  .text                   ro code   0x80c'4fe6        0x4  Model.o [12]
  .text                   ro code   0x80c'4fea       0x2a  Model.o [12]
  .text                   ro code   0x80c'5014       0x6a  BarcodeField.o [10]
  .text                   ro code   0x80c'507e       0x54  BarcodeField.o [10]
  .text                   ro code   0x80c'50d2        0x2  BarcodeField.o [10]
  .text                   ro code   0x80c'50d4       0x12  Model.o [12]
  .text                   ro code   0x80c'50e6        0xe  Model.o [12]
  .text                   ro code   0x80c'50f4       0x1e  Model.o [12]
  .text                   ro code   0x80c'5112        0xc  Model.o [12]
  .text                   ro code   0x80c'511e        0x4  Model.o [12]
  .text                   ro code   0x80c'5122        0x2  FrontendApplication.o [9]
  .text                   ro code   0x80c'5124       0x34  Model.o [12]
  .text                   ro code   0x80c'5158       0x14  Model.o [12]
  .text                   ro code   0x80c'516c       0x4c  Model.o [12]
  .text                   ro code   0x80c'51b8        0xc  Model.o [12]
  .text                   ro code   0x80c'51c4       0x18  FnKeyDefinitions1.o [22]
  .text                   ro code   0x80c'51dc        0xa  ConfigParam.o [9]
  .text                   ro code   0x80c'51e6        0xc  KHMainScreenView.o [11]
  .text                   ro code   0x80c'51f2       0x16  FnKeyDefinitions1.o [22]
  .text                   ro code   0x80c'5208       0x64  FnKeyDefinitions1.o [22]
  .text                   ro code   0x80c'526c        0x4  FnKeyDefinitions1.o [22]
  .text                   ro code   0x80c'5270        0x4  FnKeyDefinitions1.o [22]
  .text                   ro code   0x80c'5274       0x10  Model.o [12]
  .text                   ro code   0x80c'5284        0x4  KHMainScreenView.o [11]
  .text                   ro code   0x80c'5288       0x16  Model.o [12]
  .text                   ro code   0x80c'529e        0x2  FrontendApplication.o [9]
  .text                   ro code   0x80c'52a0       0x5c  Model.o [12]
  .text                   ro code   0x80c'52fc        0x4  Model.o [12]
  .text                   ro code   0x80c'5300       0x18  KHMainScreenPresenter.o [11]
  .text                   ro code   0x80c'5318       0x24  ZebraApplication.o [9]
  .text                   ro code   0x80c'533c        0xc  KHMainScreenPresenter.o [11]
  .text                   ro code   0x80c'5348       0x5c  KHMainScreenPresenter.o [11]
  .text                   ro code   0x80c'53a4       0x2a  KHMainScreenPresenter.o [11]
  .text                   ro code   0x80c'53ce        0x4  nomemory.o [35]
  .text                   ro code   0x80c'53d2        0x2  FrontendApplication.o [9]
  .text                   ro code   0x80c'53d4     0x14d4  dlmalloc.o [34]
  .text                   ro code   0x80c'68a8        0x2  FnKeyDefinitions1.o [22]
  .text                   ro code   0x80c'68aa        0xe  FnKeyDefinitions1.o [22]
  .text                   ro code   0x80c'68b8       0x34  FnKeyDefinitions1.o [22]
  .text                   ro code   0x80c'68ec        0x4  FnKeyDefinitions1.o [22]
  .text                   ro code   0x80c'68f0       0x14  FnKeyDefinitions1.o [22]
  .text                   ro code   0x80c'6904       0xc0  FnKeyDefinitions1.o [22]
  .text                   ro code   0x80c'69c4       0x2a  FnKeyDefinitions1.o [22]
  .text                   ro code   0x80c'69ee        0x2  KHMainScreenView.o [11]
  .text                   ro code   0x80c'69f0        0xc  KHMainScreenView.o [11]
  .text                   ro code   0x80c'69fc       0x34  KHMainScreenView.o [11]
  .text                   ro code   0x80c'6a30        0x4  KHMainScreenView.o [11]
  .text                   ro code   0x80c'6a34       0x14  KHMainScreenView.o [11]
  .text                   ro code   0x80c'6a48        0x4  FnKeyDefinitions1.o [22]
  .text                   ro code   0x80c'6a4c        0x6  FnKeyDefinitions1.o [22]
  .text                   ro code   0x80c'6a52        0x2  FrontendApplication.o [9]
  .text                   ro code   0x80c'6a54      0x304  STM32DMA.o [33]
  .text                   ro code   0x80c'6d58     0x15aa  LCD16bpp.o [39]
  .text                   ro code   0x80c'8302        0x2  KHMainScreenPresenter.o [11]
  .text                   ro code   0x80c'8304       0x24  TouchGFXConfiguration.o [33]
  .text                   ro code   0x80c'8328        0xc  BitmapDatabase.o [7]
  .text                   ro code   0x80c'8334      0xb2c  Bitmap.o [39]
  .text                   ro code   0x80c'8e60      0x174  Texts.o [8]
  .text                   ro code   0x80c'8fd4        0xc  FontManager.o [39]
  .text                   ro code   0x80c'8fe0       0x64  TouchGFXConfiguration.o [33]
  .text                   ro code   0x80c'9044      0x668  pow64.o [36]
  .text                   ro code   0x80c'96ac      0x812  HAL.o [39]
  .text                   ro code   0x80c'9ebe        0x2  KHMainScreenPresenter.o [11]
  .text                   ro code   0x80c'9ec0      0x800  Application.o [39]
  .text                   ro code   0x80c'a6c0       0x24  ABIassert.o [38]
  .text                   ro code   0x80c'a6e4       0x14  exit.o [38]
  .text                   ro code   0x80c'a6f8        0x4  tp_nothreads.o [34]
  .text                   ro code   0x80c'a6fc       0x18  Model.o [12]
  .text                   ro code   0x80c'a714        0xa  Model.o [12]
  .text                   ro code   0x80c'a71e        0xc  BarcodeField.o [10]
  .text                   ro code   0x80c'a72a        0xc  BarcodeField.o [10]
  .text                   ro code   0x80c'a736        0x6  BarcodeField.o [10]
  .text                   ro code   0x80c'a73c       0x12  BarcodeField.o [10]
  .text                   ro code   0x80c'a74e        0xe  Model.o [12]
  .text                   ro code   0x80c'a75c       0x50  Model.o [12]
  .text                   ro code   0x80c'a7ac        0xc  Model.o [12]
  .text                   ro code   0x80c'a7b8        0x4  Model.o [12]
  .text                   ro code   0x80c'a7bc        0xa  Model.o [12]
  .text                   ro code   0x80c'a7c6        0x4  Model.o [12]
  .text                   ro code   0x80c'a7ca       0x3a  BarcodeField.o [10]
  .text                   ro code   0x80c'a804       0x4c  BarcodeField.o [10]
  .text                   ro code   0x80c'a850        0xa  BarcodeField.o [10]
  .text                   ro code   0x80c'a85a       0x26  BarcodeField.o [10]
  .text                   ro code   0x80c'a880        0x4  Model.o [12]
  .text                   ro code   0x80c'a884        0x6  Model.o [12]
  .text                   ro code   0x80c'a88a        0x2  KHMainScreenPresenter.o [11]
  .text                   ro code   0x80c'a88c       0x24  Model.o [12]
  .text                   ro code   0x80c'a8b0        0x4  Model.o [12]
  .text                   ro code   0x80c'a8b4        0x2  Model.o [12]
  .text                   ro code   0x80c'a8b6        0x4  Model.o [12]
  .text                   ro code   0x80c'a8ba       0x14  Model.o [12]
  .text                   ro code   0x80c'a8ce        0xc  FnKeyDefinitions1.o [22]
  .text                   ro code   0x80c'a8da       0x50  FnKeyDefinitions1.o [22]
  .text                   ro code   0x80c'a92a        0xc  FnKeyDefinitions1.o [22]
  .text                   ro code   0x80c'a936        0xc  FnKeyDefinitions1.o [22]
  .text                   ro code   0x80c'a942        0xe  Model.o [12]
  .text                   ro code   0x80c'a950       0x50  Model.o [12]
  .text                   ro code   0x80c'a9a0        0xc  Model.o [12]
  .text                   ro code   0x80c'a9ac        0xc  KHMainScreenPresenter.o [11]
  .text                   ro code   0x80c'a9b8        0x4  KHMainScreenPresenter.o [11]
  .text                   ro code   0x80c'a9bc       0x16  KHMainScreenPresenter.o [11]
  .text                   ro code   0x80c'a9d2        0x2  KHMainScreenPresenter.o [11]
  .text                   ro code   0x80c'a9d4       0x64  KHMainScreenPresenter.o [11]
  .text                   ro code   0x80c'aa38        0x4  KHMainScreenPresenter.o [11]
  .text                   ro code   0x80c'aa3c        0x4  KHMainScreenPresenter.o [11]
  .text                   ro code   0x80c'aa40        0xc  KHMainScreenPresenter.o [11]
  .text                   ro code   0x80c'aa4c        0x6  KHMainScreenPresenter.o [11]
  .text                   ro code   0x80c'aa52        0x2  KHMainScreenPresenter.o [11]
  .text                   ro code   0x80c'aa54       0x2c  xgetmemchunk.o [34]
  .text                   ro code   0x80c'aa80       0x24  FnKeyDefinitions1.o [22]
  .text                   ro code   0x80c'aaa4        0x4  FnKeyDefinitions1.o [22]
  .text                   ro code   0x80c'aaa8       0x12  FnKeyDefinitions1.o [22]
  .text                   ro code   0x80c'aaba        0x4  FnKeyDefinitions1.o [22]
  .text                   ro code   0x80c'aabe        0xc  FnKeyDefinitions1.o [22]
  .text                   ro code   0x80c'aaca        0x4  FnKeyDefinitions1.o [22]
  .text                   ro code   0x80c'aace       0x14  FnKeyDefinitions1.o [22]
  .text                   ro code   0x80c'aae2        0x2  KHMainScreenPresenter.o [11]
  .text                   ro code   0x80c'aae4       0x24  FnKeyDefinitions1.o [22]
  .text                   ro code   0x80c'ab08        0x4  KHMainScreenView.o [11]
  .text                   ro code   0x80c'ab0c       0x16  FnKeyDefinitions1.o [22]
  .text                   ro code   0x80c'ab22        0xa  delop_0.o [35]
  .text                   ro code   0x80c'ab2c        0x8  STM32DMA.o [33]
  .text                   ro code   0x80c'ab34      0x232  DMA.o [39]
  .text                   ro code   0x80c'ad66       0x88  cxxabi.o [35]
  .text                   ro code   0x80c'adee        0x2  KHMainScreenPresenter.o [11]
  .text                   ro code   0x80c'adf0       0x18  KhBottomBarBase.o [6]
  .text                   ro code   0x80c'ae08       0xe4  DisplayTransformation.o [39]
  .text                   ro code   0x80c'aeec      0x86a  LCD.o [39]
  .text                   ro code   0x80c'b756       0x14  TouchGFXConfiguration.o [33]
  .text                   ro code   0x80c'b76a       0x9c  Font.o [39]
  .text                   ro code   0x80c'b806        0x2  KHMainScreenPresenter.o [11]
  .text                   ro code   0x80c'b808      0xade  TextProvider.o [39]
  .text                   ro code   0x80c'c2e6        0x2  KHMainScreenPresenter.o [11]
  .text                   ro code   0x80c'c2e8       0x68  TypedTextDatabase.o [8]
  .text                   ro code   0x80c'c350        0xc  TouchGFXConfiguration.o [33]
  .text                   ro code   0x80c'c35c       0x14  TouchGFXConfiguration.o [33]
  .text                   ro code   0x80c'c370       0x14  TouchGFXConfiguration.o [33]
  .text                   ro code   0x80c'c384       0x14  TouchGFXConfiguration.o [33]
  .text                   ro code   0x80c'c398       0xc8  FrontendApplication.o [9]
  .text                   ro code   0x80c'c460      0x288  FrontendApplicationBase.o [6]
  .text                   ro code   0x80c'c6e8       0x20  DblCmpEq.o [36]
  .text                   ro code   0x80c'c708      0x2d0  iar_Exp64.o [36]
  .text                   ro code   0x80c'c9d8        0x6  TouchGFXGPIO.o [33]
  .text                   ro code   0x80c'c9de        0x2  KHMainScreenPresenter.o [11]
  .text                   ro code   0x80c'c9e0      0x160  Gestures.o [39]
  .text                   ro code   0x80c'cb40       0x24  HAL.o [39]
  .text                   ro code   0x80c'cb64       0xfc  TouchCalibration.o [39]
  .text                   ro code   0x80c'cc60       0x1c  Application.o [39]
  .text                   ro code   0x80c'cc7c       0x88  stm32_crc_lock.o [39]
  .text                   ro code   0x80c'cd04      0x624  Screen.o [39]
  .text                   ro code   0x80c'd328       0x86  Image.o [39]
  .text                   ro code   0x80c'd3ae       0x18  Container.o [39]
  .text                   ro code   0x80c'd3c6       0x44  Application.o [39]
  .text                   ro code   0x80c'd40a       0x52  Application.o [39]
  .text                   ro code   0x80c'd45c       0x44  Application.o [39]
  .text                   ro code   0x80c'd4a0       0x90  Application.o [39]
  .text                   ro code   0x80c'd530       0x4c  Application.o [39]
  .text                   ro code   0x80c'd57c        0xc  Model.o [12]
  .text                   ro code   0x80c'd588        0x8  BarcodeField.o [10]
  .text                   ro code   0x80c'd590       0x24  Model.o [12]
  .text                   ro code   0x80c'd5b4       0x14  Model.o [12]
  .text                   ro code   0x80c'd5c8       0x56  Model.o [12]
  .text                   ro code   0x80c'd61e       0x16  Model.o [12]
  .text                   ro code   0x80c'd634        0x6  Model.o [12]
  .text                   ro code   0x80c'd63a        0xc  BarcodeField.o [10]
  .text                   ro code   0x80c'd646       0x72  BarcodeField.o [10]
  .text                   ro code   0x80c'd6b8        0xa  Model.o [12]
  .text                   ro code   0x80c'd6c2       0x10  Model.o [12]
  .text                   ro code   0x80c'd6d2        0x4  Model.o [12]
  .text                   ro code   0x80c'd6d6        0xa  FnKeyDefinitions1.o [22]
  .text                   ro code   0x80c'd6e0       0x14  FnKeyDefinitions1.o [22]
  .text                   ro code   0x80c'd6f4        0x4  Model.o [12]
  .text                   ro code   0x80c'd6f8       0x14  Model.o [12]
  .text                   ro code   0x80c'd70c       0x12  Model.o [12]
  .text                   ro code   0x80c'd71e        0xa  KHMainScreenPresenter.o [11]
  .text                   ro code   0x80c'd728       0x50  KHMainScreenPresenter.o [11]
  .text                   ro code   0x80c'd778        0xc  KHMainScreenPresenter.o [11]
  .text                   ro code   0x80c'd784        0xc  KHMainScreenPresenter.o [11]
  .text                   ro code   0x80c'd790        0x4  KHMainScreenPresenter.o [11]
  .text                   ro code   0x80c'd794       0x10  FnKeyDefinitions1.o [22]
  .text                   ro code   0x80c'd7a4       0x22  FnKeyDefinitions1.o [22]
  .text                   ro code   0x80c'd7c6        0x4  FnKeyDefinitions1.o [22]
  .text                   ro code   0x80c'd7ca        0x6  FnKeyDefinitions1.o [22]
  .text                   ro code   0x80c'd7d0        0x4  FnKeyDefinitions1.o [22]
  .text                   ro code   0x80c'd7d4       0x10  KHMainScreenView.o [11]
  .text                   ro code   0x80c'd7e4        0x4  heaptramp0.o [34]
  .text                   ro code   0x80c'd7e8        0xc  memcpy.o [37]
  .text                   ro code   0x80c'd7f4       0x10  BarcodeField_LocBase.o [6]
  .text                   ro code   0x80c'd804       0x74  LCD.o [39]
  .text                   ro code   0x80c'd878       0x24  TouchGFXConfiguration.o [33]
  .text                   ro code   0x80c'd89c       0x50  Table_RobotoCondensed_Bold_48_4bpp.o [5]
  .text                   ro code   0x80c'd8ec       0x54  Table_RobotoCondensed_Regular_18_4bpp.o [5]
  .text                   ro code   0x80c'd940       0x68  Table_RobotoCondensed_Regular_26_4bpp.o [5]
  .text                   ro code   0x80c'd9a8       0x64  Table_RobotoCondensed_Regular_36_4bpp.o [5]
  .text                   ro code   0x80c'da0c       0x58  Table_RobotoCondensed_Bold_40_4bpp.o [5]
  .text                   ro code   0x80c'da64       0x68  Table_RobotoMono_Regular_26_4bpp.o [5]
  .text                   ro code   0x80c'dacc       0x68  Table_RobotoMono_Bold_40_4bpp.o [5]
  .text                   ro code   0x80c'db34       0x54  Table_RobotoCondensed_Regular_24_4bpp.o [5]
  .text                   ro code   0x80c'db88       0x58  Table_RobotoCondensed_Bold_24_4bpp.o [5]
  .text                   ro code   0x80c'dbe0       0x68  Table_RobotoCondensed_Bold_26_4bpp.o [5]
  .text                   ro code   0x80c'dc48       0x50  Table_RobotoCondensed_Bold_20_4bpp.o [5]
  .text                   ro code   0x80c'dc98       0x68  Table_RobotoMono_Regular_32_4bpp.o [5]
  .text                   ro code   0x80c'dd00       0x68  Table_RobotoCondensed_Regular_32_4bpp.o [5]
  .text                   ro code   0x80c'dd68       0x54  Table_RobotoCondensed_Bold_32_4bpp.o [5]
  .text                   ro code   0x80c'ddbc       0x1c  TouchGFXConfiguration.o [33]
  .text                   ro code   0x80c'ddd8        0x8  AbstractPartition.o [39]
  .text                   ro code   0x80c'dde0       0x20  FrontendApplication.o [9]
  .text                   ro code   0x80c'de00       0x14  FrontendApplication.o [9]
  .text                   ro code   0x80c'de14       0x10  FrontendApplication.o [9]
  .text                   ro code   0x80c'de24       0x20  FrontendApplicationBase.o [6]
  LCD16bpp_enableTextureMapperAll
                          ro code   0x80c'de44       0x2a  LCD16bpp.o [39]
  .text                   ro code   0x80c'de6e        0x2  KHMainScreenPresenter.o [11]
  .text                   ro code   0x80c'de70      0x144  FrontendApplicationBase.o [6]
  .text                   ro code   0x80c'dfb4       0x14  FrontendApplicationBase.o [6]
  .text                   ro code   0x80c'dfc8       0x10  FrontendApplicationBase.o [6]
  .text                   ro code   0x80c'dfd8      0x148  FrontendApplicationBase.o [6]
  .text                   ro code   0x80c'e120      0x148  FrontendApplicationBase.o [6]
  .text                   ro code   0x80c'e268      0x148  FrontendApplicationBase.o [6]
  .text                   ro code   0x80c'e3b0      0x148  FrontendApplicationBase.o [6]
  .text                   ro code   0x80c'e4f8      0x148  FrontendApplicationBase.o [6]
  .text                   ro code   0x80c'e640      0x148  FrontendApplicationBase.o [6]
  .text                   ro code   0x80c'e788      0x148  FrontendApplicationBase.o [6]
  .text                   ro code   0x80c'e8d0      0x148  FrontendApplicationBase.o [6]
  .text                   ro code   0x80c'ea18      0x148  FrontendApplicationBase.o [6]
  .text                   ro code   0x80c'eb60      0x148  FrontendApplicationBase.o [6]
  .text                   ro code   0x80c'eca8      0x148  FrontendApplicationBase.o [6]
  .text                   ro code   0x80c'edf0      0x148  FrontendApplicationBase.o [6]
  .text                   ro code   0x80c'ef38      0x148  FrontendApplicationBase.o [6]
  .text                   ro code   0x80c'f080      0x144  FrontendApplicationBase.o [6]
  .text                   ro code   0x80c'f1c4      0x148  FrontendApplicationBase.o [6]
  .text                   ro code   0x80c'f30c      0x148  FrontendApplicationBase.o [6]
  .text                   ro code   0x80c'f454       0x18  SnBarcodeProgressViewBase.o [6]
  .text                   ro code   0x80c'f46c       0x28  BarcodeField.o [10]
  .text                   ro code   0x80c'f494      0x25e  Container.o [39]
  .text                   ro code   0x80c'f6f2       0x3e  Screen.o [39]
  .text                   ro code   0x80c'f730       0x28  Screen.o [39]
  .text                   ro code   0x80c'f758       0x28  Screen.o [39]
  .text                   ro code   0x80c'f780      0x178  Drawable.o [39]
  .text                   ro code   0x80c'f8f8       0x20  SnCfgAppSubMenuView.o [15]
  .text                   ro code   0x80c'f918       0x1c  Screen.o [39]
  .text                   ro code   0x80c'f934        0xa  Model.o [12]
  .text                   ro code   0x80c'f93e        0x4  Model.o [12]
  .text                   ro code   0x80c'f942       0x20  FnKeyDefinitions1.o [22]
  .text                   ro code   0x80c'f962        0x2  KHMainScreenPresenter.o [11]
  .text                   ro code   0x80c'f964       0x96  ABImemmove.o [37]
  .text                   ro code   0x80c'f9fa        0xc  BarcodeField.o [10]
  .text                   ro code   0x80c'fa06        0x4  BarcodeField.o [10]
  .text                   ro code   0x80c'fa0a       0x22  Model.o [12]
  .text                   ro code   0x80c'fa2c       0x10  Model.o [12]
  .text                   ro code   0x80c'fa3c        0x4  FnKeyDefinitions1.o [22]
  .text                   ro code   0x80c'fa40        0x4  Model.o [12]
  .text                   ro code   0x80c'fa44       0x24  KHMainScreenPresenter.o [11]
  .text                   ro code   0x80c'fa68       0x14  KHMainScreenPresenter.o [11]
  .text                   ro code   0x80c'fa7c       0x16  KHMainScreenPresenter.o [11]
  .text                   ro code   0x80c'fa92       0x22  FnKeyDefinitions1.o [22]
  .text                   ro code   0x80c'fab4       0x16  FnKeyDefinitions1.o [22]
  .text                   ro code   0x80c'faca       0x10  FnKeyDefinitions1.o [22]
  .text                   ro code   0x80c'fada       0x22  KHMainScreenView.o [11]
  .text                   ro code   0x80c'fafc       0x14  TouchGFXConfiguration.o [33]
  .text                   ro code   0x80c'fb10       0xa0  GeneratedFont.o [5]
  .text                   ro code   0x80c'fbb0        0xc  TouchGFXConfiguration.o [33]
  LCD16bpp_enableTextureMapperA4
                          ro code   0x80c'fbbc       0x12  LCD16bpp.o [39]
  LCD16bpp_enableTextureMapperARGB8888
                          ro code   0x80c'fbce       0x12  LCD16bpp.o [39]
  LCD16bpp_enableTextureMapperL8_ARGB8888
                          ro code   0x80c'fbe0       0x12  LCD16bpp.o [39]
  LCD16bpp_enableTextureMapperL8_RGB565
                          ro code   0x80c'fbf2       0x12  LCD16bpp.o [39]
  LCD16bpp_enableTextureMapperL8_RGB888
                          ro code   0x80c'fc04       0x12  LCD16bpp.o [39]
  LCD16bpp_enableTextureMapperRGB565
                          ro code   0x80c'fc16       0x1e  LCD16bpp.o [39]
  .text                   ro code   0x80c'fc34        0x6  FrontendApplicationBase.o [6]
  .text                   ro code   0x80c'fc3a        0x2  KHMainScreenPresenter.o [11]
  .text                   ro code   0x80c'fc3c       0x18  FrontendApplication.o [9]
  .text                   ro code   0x80c'fc54      0x136  SnSplashView.o [31]
  .text                   ro code   0x80c'fd8a        0x2  KHMainScreenPresenter.o [11]
  .text                   ro code   0x80c'fd8c       0x98  SnSplashPresenter.o [31]
  .text                   ro code   0x80c'fe24     0x1240  SnScanAndEntQtyView.o [28]
  .text                   ro code   0x80d'1064       0xd6  SnScanAndEntQtyPresenter.o [28]
  .text                   ro code   0x80d'113a        0x2  KHMainScreenPresenter.o [11]
  .text                   ro code   0x80d'113c      0xd34  SnScanAndEntQty_DView.o [27]
  .text                   ro code   0x80d'1e70       0xbe  SnScanAndEntQty_DPresenter.o [27]
  .text                   ro code   0x80d'1f2e        0x2  KHMainScreenViewBase.o [6]
  .text                   ro code   0x80d'1f30     0x113e  SnScanAndEntLocView.o [26]
  .text                   ro code   0x80d'306e        0x2  KHMainScreenViewBase.o [6]
  .text                   ro code   0x80d'3070       0xda  SnScanAndEntLocPresenter.o [26]
  .text                   ro code   0x80d'314a        0x2  KHMainScreenViewBase.o [6]
  .text                   ro code   0x80d'314c     0x1f94  SnScanInventoryView.o [29]
  .text                   ro code   0x80d'50e0      0x18a  SnScanInventoryPresenter.o [29]
  .text                   ro code   0x80d'526a        0x2  KHMainScreenViewBase.o [6]
  .text                   ro code   0x80d'526c     0x1280  SnOutInMatchView.o [25]
  .text                   ro code   0x80d'64ec       0x6e  SnOutInMatchPresenter.o [25]
  .text                   ro code   0x80d'655a        0x2  KHMainScreenViewBase.o [6]
  .text                   ro code   0x80d'655c      0x3e8  SnImageViewView.o [24]
  .text                   ro code   0x80d'6944       0x74  SnImageViewPresenter.o [24]
  .text                   ro code   0x80d'69b8      0xfec  SnCfgMenuView.o [18]
  .text                   ro code   0x80d'79a4       0x96  SnCfgMenuPresenter.o [18]
  .text                   ro code   0x80d'7a3a        0x2  KHMainScreenViewBase.o [6]
  .text                   ro code   0x80d'7a3c      0x698  SnCfgAppSubMenuView.o [15]
  .text                   ro code   0x80d'80d4       0x8c  SnCfgAppSubMenuPresenter.o [15]
  .text                   ro code   0x80d'8160      0x5d8  SnCfgBoolParamView.o [16]
  .text                   ro code   0x80d'8738      0x1dc  SnCfgBoolParamPresenter.o [16]
  .text                   ro code   0x80d'8914      0x7f4  SnCfgCharParamView.o [17]
[...]
                         0x80e'bb91       0x4  Code  Gb  FnKeyDefinitions1.o [22]
void std::_Wrap_alloc<std::allocator<std::string>>::construct<std::string, std::string&>(std::string *, std::string& &&...)
                         0x80e'bb8d       0x4  Code  Gb  FnKeyDefinitions1.o [22]
void std::_Wrap_alloc<std::allocator<std::string>>::construct<std::string, std::string>(std::string *, std::string &&...)
                         0x80e'ba41       0x4  Code  Gb  FnKeyDefinitions1.o [22]
void std::_Wrap_alloc<std::allocator<std::string>>::destroy<std::string>(std::string *)
                         0x80e'ba45       0x6  Code  Gb  SnOutInMatchView.o [25]
void std::_Wrap_alloc<std::allocator<unsigned int>>::construct<unsigned int, unsigned int &>(unsigned int *, unsigned int & &&...)
                         0x815'1b73       0x4  Code  Gb  FnKeyDefinitions1.o [22]
void std::_Wrap_alloc<std::allocator<unsigned int>>::construct<unsigned int, unsigned int const &>(unsigned int *, unsigned int const & &&...)
                         0x815'1b77       0x4  Code  Gb  FnKeyDefinitions1.o [22]
void std::allocator<BARCODE_RECORD>::construct<BARCODE_RECORD, BARCODE_RECORD &>(BARCODE_RECORD *, BARCODE_RECORD & &&...)
                         0x80e'e0f9      0x10  Code  Gb  SnScanAndEntQty_DView.o [27]
void std::allocator<BARCODE_RECORD>::construct<BARCODE_RECORD, BARCODE_RECORD const &>(BARCODE_RECORD *, BARCODE_RECORD const & &&...)
                         0x80e'e109      0x10  Code  Gb  SnScanAndEntQty_DView.o [27]
void std::allocator<BARCODE_RECORD>::construct<BARCODE_RECORD, BARCODE_RECORD>(BARCODE_RECORD *, BARCODE_RECORD &&...)
                         0x80f'353b      0x10  Code  Gb  SnScanAndEntQty_DView.o [27]
void std::allocator<ConfigParam>::construct<ConfigParam, ConfigParam &>(ConfigParam *, ConfigParam & &&...)
                         0x80c'a92b       0xc  Code  Gb  FnKeyDefinitions1.o [22]
void std::allocator<ConfigParam>::construct<ConfigParam, ConfigParam const &>(ConfigParam *, ConfigParam const & &&...)
                         0x80c'a937       0xc  Code  Gb  FnKeyDefinitions1.o [22]
void std::allocator<ConfigParam>::construct<ConfigParam, ConfigParam>(ConfigParam *, ConfigParam &&...)
                         0x80f'095d       0xc  Code  Gb  FnKeyDefinitions1.o [22]
void std::allocator<DataRecordType>::construct<DataRecordType, DataRecordType>(DataRecordType *, DataRecordType &&...)
                         0x80c'a7ad       0xc  Code  Gb  Model.o [12]
void std::allocator<LOCATION_RECORD>::construct<LOCATION_RECORD, LOCATION_RECORD &>(LOCATION_RECORD *, LOCATION_RECORD & &&...)
                         0x80e'8dd7       0xe  Code  Gb  Model.o [12]
void std::allocator<LOCATION_RECORD>::construct<LOCATION_RECORD, LOCATION_RECORD const &>(LOCATION_RECORD *, LOCATION_RECORD const & &&...)
                         0x80e'd5a9       0xe  Code  Gb  Model.o [12]
void std::allocator<LOCATION_RECORD>::construct<LOCATION_RECORD, LOCATION_RECORD>(LOCATION_RECORD *, LOCATION_RECORD &&...)
                         0x80f'354b       0xe  Code  Gb  SnScanInventoryView.o [29]
void std::allocator<OutsideRecord>::construct<OutsideRecord, OutsideRecord &>(OutsideRecord *, OutsideRecord & &&...)
                         0x80e'ed57       0xc  Code  Gb  SnOutInMatchView.o [25]
void std::allocator<OutsideRecord>::construct<OutsideRecord, OutsideRecord const &>(OutsideRecord *, OutsideRecord const & &&...)
                         0x80e'ed63       0xc  Code  Gb  SnOutInMatchView.o [25]
void std::allocator<OutsideRecord>::construct<OutsideRecord, OutsideRecord>(OutsideRecord *, OutsideRecord &&...)
                         0x80f'3559       0xc  Code  Gb  SnOutInMatchView.o [25]
void std::allocator<ZebraApplication>::construct<ZebraApplication, ZebraApplication &>(ZebraApplication *, ZebraApplication & &&...)
                         0x80c'd779       0xc  Code  Gb  KHMainScreenPresenter.o [11]
void std::allocator<ZebraApplication>::construct<ZebraApplication, ZebraApplication const &>(ZebraApplication *, ZebraApplication const & &&...)
                         0x80c'd785       0xc  Code  Gb  KHMainScreenPresenter.o [11]
void std::allocator<ZebraApplication>::construct<ZebraApplication, ZebraApplication>(ZebraApplication *, ZebraApplication &&...)
                         0x80f'18dd       0xc  Code  Gb  KHMainScreenPresenter.o [11]
void std::allocator<char>::construct<char *, char *&>(char * *, char *& &&...)
                         0x80e'd5a1       0x8  Code  Gb  FnKeyDefinitions1.o [22]
void std::allocator<char>::construct<char *, char *>(char * *, char * &&...)
                         0x80d'd061       0x8  Code  Gb  BarcodeField.o [10]
void std::allocator<preset_entry_t>::construct<preset_entry_t, preset_entry_t &>(preset_entry_t *, preset_entry_t & &&...)
                         0x80e'd5ef       0xc  Code  Gb  FnKeyDefinitions1.o [22]
void std::allocator<preset_entry_t>::construct<preset_entry_t, preset_entry_t const &>(preset_entry_t *, preset_entry_t const & &&...)
                         0x80e'8e43       0xc  Code  Gb  FnKeyDefinitions1.o [22]
void std::allocator<preset_entry_t>::construct<preset_entry_t, preset_entry_t>(preset_entry_t *, preset_entry_t &&...)
                         0x80c'a9a1       0xc  Code  Gb  Model.o [12]
void std::allocator<preset_string_t>::construct<preset_string_t, preset_string_t &>(preset_string_t *, preset_string_t & &&...)
                         0x813'fcc9       0xc  Code  Gb  FnKeyDefinitions1.o [22]
void std::allocator<preset_string_t>::construct<preset_string_t, preset_string_t const &>(preset_string_t *, preset_string_t const & &&...)
                         0x813'fc9f       0xc  Code  Gb  FnKeyDefinitions1.o [22]
void std::allocator<std::string>::construct<std::string, const std::string&>(std::string *, const std::string& &&...)
                         0x80e'efc9       0xc  Code  Gb  FnKeyDefinitions1.o [22]
void std::allocator<std::string>::construct<std::string, std::string&>(std::string *, std::string& &&...)
                         0x80e'efbd       0xc  Code  Gb  FnKeyDefinitions1.o [22]
void std::allocator<std::string>::construct<std::string, std::string>(std::string *, std::string &&...)
                         0x80e'edbf       0xc  Code  Gb  FnKeyDefinitions1.o [22]
void std::allocator<unsigned int>::construct<unsigned int, unsigned int &>(unsigned int *, unsigned int & &&...)
                         0x815'1b7b       0x8  Code  Gb  FnKeyDefinitions1.o [22]
void std::allocator<unsigned int>::construct<unsigned int, unsigned int const &>(unsigned int *, unsigned int const & &&...)
                         0x815'1b83       0x8  Code  Gb  FnKeyDefinitions1.o [22]
void std::iter_swap<ConfigParam *, ConfigParam *>(ConfigParam *, ConfigParam *)
                         0x80f'09e1       0x4  Code  Gb  SnSplashPresenter.o [31]
void std::iter_swap<ZebraApplication *, ZebraApplication *>(ZebraApplication *, ZebraApplication *)
                         0x80f'0b5b       0x4  Code  Gb  SnSplashPresenter.o [31]
void std::make_heap<ConfigParam *, bool (*)(ConfigParam, ConfigParam)>(ConfigParam *, ConfigParam *, bool (*)(ConfigParam, ConfigParam))
                         0x80e'd94d      0x1a  Code  Gb  SnSplashPresenter.o [31]
void std::make_heap<ZebraApplication *, bool (*)(ZebraApplication, ZebraApplication)>(ZebraApplication *, ZebraApplication *, bool (*)(ZebraApplication, ZebraApplication))
                         0x80e'dc91      0x1a  Code  Gb  SnSplashPresenter.o [31]
void std::sort<std::_Vector_iterator<std::_Vector_val<std::_Simple_types<ConfigParam>>>, bool (*)(ConfigParam, ConfigParam)>(std::_Vector_iterator<std::_Vector_val<std::_Simple_types<ConfigParam>>>, std::_Vector_iterator<std::_Vector_val<std::_Simple_types<ConfigParam>>>, bool (*)(ConfigParam, ConfigParam))
                         0x80d'd577      0x14  Code  Gb  SnSplashPresenter.o [31]
void std::sort<std::_Vector_iterator<std::_Vector_val<std::_Simple_types<ZebraApplication>>>, bool (*)(ZebraApplication, ZebraApplication)>(std::_Vector_iterator<std::_Vector_val<std::_Simple_types<ZebraApplication>>>, std::_Vector_iterator<std::_Vector_val<std::_Simple_types<ZebraApplication>>>, bool (*)(ZebraApplication, ZebraApplication))
                         0x80d'd58b      0x14  Code  Gb  SnSplashPresenter.o [31]
void std::sort_heap<ConfigParam *, bool (*)(ConfigParam, ConfigParam)>(ConfigParam *, ConfigParam *, bool (*)(ConfigParam, ConfigParam))
                         0x80e'd967      0x24  Code  Gb  SnSplashPresenter.o [31]
void std::sort_heap<ZebraApplication *, bool (*)(ZebraApplication, ZebraApplication)>(ZebraApplication *, ZebraApplication *, bool (*)(ZebraApplication, ZebraApplication))
                         0x80e'dcab      0x24  Code  Gb  SnSplashPresenter.o [31]
void std::swap<ConfigParam>(ConfigParam &, ConfigParam &)
                         0x80f'1989      0x2a  Code  Gb  SnSplashPresenter.o [31]
void std::swap<DataRecordType *>(DataRecordType * &, DataRecordType * &)
                         0x80c'a7bd       0xa  Code  Gb  Model.o [12]
void std::swap<ZebraApplication>(ZebraApplication &, ZebraApplication &)
                         0x80f'1b2d      0x2a  Code  Gb  SnSplashPresenter.o [31]
void std::vector<preset_entry_t, std::allocator<preset_entry_t>>::_Construct<preset_entry_t const *>(preset_entry_t const *, preset_entry_t const *)
                         0x80e'90c5       0x4  Code  Gb  FnKeyDefinitions1.o [22]
void std::vector<preset_entry_t, std::allocator<preset_entry_t>>::_Construct<preset_entry_t const *>(preset_entry_t const *, preset_entry_t const *, std::forward_iterator_tag)
                         0x80e'dccf      0x2a  Code  Gb  FnKeyDefinitions1.o [22]
void std::vector<preset_string_t, std::allocator<preset_string_t>>::_Construct<preset_string_t const *>(preset_string_t const *, preset_string_t const *)
                         0x813'f9b5       0x4  Code  Gb  FnKeyDefinitions1.o [22]
void std::vector<preset_string_t, std::allocator<preset_string_t>>::_Construct<preset_string_t const *>(preset_string_t const *, preset_string_t const *, std::forward_iterator_tag)
                         0x813'fb19      0x2a  Code  Gb  FnKeyDefinitions1.o [22]
void std::vector<std::string, std::allocator<std::string>>::_Construct<const std::string*>(const std::string*, const std::string*)
                         0x815'2341       0x4  Code  Gb  FnKeyDefinitions1.o [22]
void std::vector<std::string, std::allocator<std::string>>::_Construct<const std::string*>(const std::string*, const std::string*, std::forward_iterator_tag)
                         0x815'2345      0x2a  Code  Gb  FnKeyDefinitions1.o [22]
void std::vector<unsigned int, std::allocator<unsigned int>>::_Construct<unsigned int const *>(unsigned int const *, unsigned int const *)
                         0x815'3991       0x4  Code  Gb  FnKeyDefinitions1.o [22]
void std::vector<unsigned int, std::allocator<unsigned int>>::_Construct<unsigned int const *>(unsigned int const *, unsigned int const *, std::forward_iterator_tag)
                         0x815'36b1      0x2a  Code  Gb  FnKeyDefinitions1.o [22]
void touchgfx::Circle::setArc<int>(int, int)
                         0x80f'0453       0xa  Code  Gb  KhBottomBarBase.o [6]
void touchgfx::Circle::setCenter<int>(int, int)
                         0x80f'043d       0xa  Code  Gb  KhBottomBarBase.o [6]
void touchgfx::Circle::setLineWidth<int>(int)
                         0x80f'044d       0x6  Code  Gb  KhBottomBarBase.o [6]
void touchgfx::Circle::setRadius<int>(int)
                         0x80f'0447       0x6  Code  Gb  KhBottomBarBase.o [6]
void touchgfx::Line::setEnd<int>(int, int)
                         0x80f'12b1       0x8  Code  Gb  KhErrorBase.o [6]
void touchgfx::Line::setLineWidth<int>(int)
                         0x80f'12b9      0x10  Code  Gb  KhErrorBase.o [6]
void touchgfx::Line::setStart<int>(int, int)
                         0x80f'12a9       0x8  Code  Gb  KhErrorBase.o [6]
vsync_queue             0x2000'2bd8       0x4  Data  Lc  OSWrappers.o [33]
wkyr                     0x80e'e53b      0x1a  Code  Lc  xgentime.o [34]
write_custom_default_new_parameter
                         0x80b'9b1d      0xea  Code  Gb  user_cfg_wrapper.o [4]
writetoflash             0x80b'8cf9      0x10  Code  Gb  user_cfg.o [33]
xActiveTimerList1       0x2006'92e4      0x14  Data  Lc  timers.o [33]
xActiveTimerList2       0x2006'92f8      0x14  Data  Lc  timers.o [33]
xBlockAllocatedBit      0x2005'cea0       0x4  Data  Lc  heap_4.o [33]
xDelayedTaskList1       0x2006'997c      0x14  Data  Lc  tasks.o [33]
xDelayedTaskList2       0x2006'9990      0x14  Data  Lc  tasks.o [33]
xEventGroupClearBits     0x80b'ed37      0x30  Code  Gb  event_groups.o [33]
xEventGroupClearBitsFromISR
                         0x80b'ed75       0xe  Code  Gb  event_groups.o [33]
xEventGroupCreate        0x80b'ed19      0x1e  Code  Gb  event_groups.o [33]
xEventGroupCreateStatic
                         0x80b'ece9      0x30  Code  Gb  event_groups.o [33]
xEventGroupGetBitsFromISR
                         0x80b'ed83      0x1a  Code  Gb  event_groups.o [33]
xEventGroupSetBits       0x80b'ed9d      0x72  Code  Gb  event_groups.o [33]
xEventGroupSetBitsFromISR
                         0x80b'ee17       0xc  Code  Gb  event_groups.o [33]
xFreeBytesRemaining     0x2005'ce98       0x4  Data  Lc  heap_4.o [33]
xMinimumEverFreeBytesRemaining
                        0x2005'ce9c       0x4  Data  Lc  heap_4.o [33]
xNextTaskUnblockTime    0x2006'9974       0x4  Data  Lc  tasks.o [33]
xNumOfOverflows         0x2006'996c       0x4  Data  Lc  tasks.o [33]
xPendingReadyList       0x2006'9908      0x14  Data  Lc  tasks.o [33]
xPortStartScheduler      0x80c'3c3d      0xa0  Code  Gb  port.o [33]
xQueueCreateCountingSemaphore
                         0x80b'ef9b      0x2e  Code  Gb  queue.o [33]
xQueueCreateCountingSemaphoreStatic
                         0x80b'ef67      0x34  Code  Gb  queue.o [33]
xQueueGenericCreate      0x80b'eef9      0x3e  Code  Gb  queue.o [33]
xQueueGenericCreateStatic
                         0x80b'ee9b      0x5e  Code  Gb  queue.o [33]
xQueueGenericReset       0x80b'ee29      0x72  Code  Gb  queue.o [33]
xQueueGenericSend        0x80b'efc9     0x126  Code  Gb  queue.o [33]
xQueueGenericSendFromISR
                         0x80b'f0f7      0x8a  Code  Gb  queue.o [33]
xQueueGiveFromISR        0x80b'f181      0x70  Code  Gb  queue.o [33]
xQueueReceive            0x80b'f205     0x104  Code  Gb  queue.o [33]
xQueueReceiveFromISR     0x80b'f46d      0x82  Code  Gb  queue.o [33]
xQueueRegistry          0x2006'9c14      0x40  Data  Gb  queue.o [33]
xQueueSemaphoreTake      0x80b'f309     0x12e  Code  Gb  queue.o [33]
xSchedulerRunning       0x2006'9960       0x4  Data  Lc  tasks.o [33]
xStart                  0x2005'ce8c       0x8  Data  Lc  heap_4.o [33]
xSuspendedTaskList      0x2006'9940      0x14  Data  Lc  tasks.o [33]
xTaskCheckForTimeOut     0x80b'e3dd      0x66  Code  Gb  tasks.o [33]
xTaskCreate              0x80b'dea3      0x5c  Code  Gb  tasks.o [33]
xTaskCreateStatic        0x80b'de45      0x5e  Code  Gb  tasks.o [33]
xTaskGetSchedulerState   0x80b'e4d9      0x18  Code  Gb  tasks.o [33]
xTaskGetTickCount        0x80b'e199       0x8  Code  Gb  tasks.o [33]
xTaskIncrementTick       0x80b'e1a1      0xbe  Code  Gb  tasks.o [33]
xTaskPriorityDisinherit
                         0x80b'e56b      0x5e  Code  Gb  tasks.o [33]
xTaskPriorityInherit     0x80b'e4f5      0x6a  Code  Gb  tasks.o [33]
xTaskRemoveFromEventList
                         0x80b'e325      0x4a  Code  Gb  tasks.o [33]
xTaskResumeAll           0x80b'e0f1      0x98  Code  Gb  tasks.o [33]
xTasksWaitingTermination
                        0x2006'991c      0x14  Data  Lc  tasks.o [33]
xTickCount              0x2006'9958       0x4  Data  Lc  tasks.o [33]
xTimerCreate             0x80b'e735      0x34  Code  Gb  timers.o [33]
xTimerCreateStatic       0x80b'e769      0x3c  Code  Gb  timers.o [33]
xTimerCreateTimerTask    0x80b'e6e1      0x54  Code  Gb  timers.o [33]
xTimerGenericCommand     0x80b'e7e7      0x4e  Code  Gb  timers.o [33]
xTimerIsTimerActive      0x80b'eacf      0x20  Code  Gb  timers.o [33]
xTimerPendFunctionCallFromISR
                         0x80b'eb09      0x24  Code  Gb  timers.o [33]
xTimerQueue             0x2006'92d8       0x4  Data  Lc  timers.o [33]
xTimerTaskHandle        0x2006'92dc       0x4  Data  Lc  timers.o [33]
xYieldPending           0x2006'9968       0x4  Data  Lc  tasks.o [33]
zuser_cfg_get_param_value
                         0x80b'8b5d      0x52  Code  Gb  user_cfg.o [33]
zuser_cfg_set_param_value
                         0x80b'8baf      0xaa  Code  Gb  user_cfg.o [33]


[1] = C:\TouchGFXProjects\KraftHeinz_DS3600\EWARM\Oxpecker\Obj\Application\EWARM
[2] = C:\TouchGFXProjects\KraftHeinz_DS3600\EWARM\Oxpecker\Obj\Application\User\Core
[3] = C:\TouchGFXProjects\KraftHeinz_DS3600\EWARM\Oxpecker\Obj\Application\User\TouchGFX\App
[4] = C:\TouchGFXProjects\KraftHeinz_DS3600\EWARM\Oxpecker\Obj\Feature
[5] = C:\TouchGFXProjects\KraftHeinz_DS3600\EWARM\Oxpecker\Obj\TouchGFX\generated\fonts
[6] = C:\TouchGFXProjects\KraftHeinz_DS3600\EWARM\Oxpecker\Obj\TouchGFX\generated\gui_generated
[7] = C:\TouchGFXProjects\KraftHeinz_DS3600\EWARM\Oxpecker\Obj\TouchGFX\generated\images
[8] = C:\TouchGFXProjects\KraftHeinz_DS3600\EWARM\Oxpecker\Obj\TouchGFX\generated\texts
[9] = C:\TouchGFXProjects\KraftHeinz_DS3600\EWARM\Oxpecker\Obj\TouchGFX\gui\common
[10] = C:\TouchGFXProjects\KraftHeinz_DS3600\EWARM\Oxpecker\Obj\TouchGFX\gui\containers
[11] = C:\TouchGFXProjects\KraftHeinz_DS3600\EWARM\Oxpecker\Obj\TouchGFX\gui\khmainscreen_screen
[12] = C:\TouchGFXProjects\KraftHeinz_DS3600\EWARM\Oxpecker\Obj\TouchGFX\gui\model
[13] = C:\TouchGFXProjects\KraftHeinz_DS3600\EWARM\Oxpecker\Obj\TouchGFX\gui\simulator
[14] = C:\TouchGFXProjects\KraftHeinz_DS3600\EWARM\Oxpecker\Obj\TouchGFX\gui\snbarcodeprogress_screen
[15] = C:\TouchGFXProjects\KraftHeinz_DS3600\EWARM\Oxpecker\Obj\TouchGFX\gui\sncfgappsubmenu_screen
[16] = C:\TouchGFXProjects\KraftHeinz_DS3600\EWARM\Oxpecker\Obj\TouchGFX\gui\sncfgboolparam_screen
[17] = C:\TouchGFXProjects\KraftHeinz_DS3600\EWARM\Oxpecker\Obj\TouchGFX\gui\sncfgcharparam_screen
[18] = C:\TouchGFXProjects\KraftHeinz_DS3600\EWARM\Oxpecker\Obj\TouchGFX\gui\sncfgmenu_screen
[19] = C:\TouchGFXProjects\KraftHeinz_DS3600\EWARM\Oxpecker\Obj\TouchGFX\gui\sncfgnumericparam_screen
[20] = C:\TouchGFXProjects\KraftHeinz_DS3600\EWARM\Oxpecker\Obj\TouchGFX\gui\sncfgradioparam_screen
[21] = C:\TouchGFXProjects\KraftHeinz_DS3600\EWARM\Oxpecker\Obj\TouchGFX\gui\sncfgstringparam_screen
[22] = C:\TouchGFXProjects\KraftHeinz_DS3600\EWARM\Oxpecker\Obj\TouchGFX\gui\snfnkeyassign_screen
[23] = C:\TouchGFXProjects\KraftHeinz_DS3600\EWARM\Oxpecker\Obj\TouchGFX\gui\snhomemenu_screen
[24] = C:\TouchGFXProjects\KraftHeinz_DS3600\EWARM\Oxpecker\Obj\TouchGFX\gui\snimageview_screen
[25] = C:\TouchGFXProjects\KraftHeinz_DS3600\EWARM\Oxpecker\Obj\TouchGFX\gui\snoutinmatch_screen
[26] = C:\TouchGFXProjects\KraftHeinz_DS3600\EWARM\Oxpecker\Obj\TouchGFX\gui\snscanandentloc_screen
[27] = C:\TouchGFXProjects\KraftHeinz_DS3600\EWARM\Oxpecker\Obj\TouchGFX\gui\snscanandentqty_d_screen
[28] = C:\TouchGFXProjects\KraftHeinz_DS3600\EWARM\Oxpecker\Obj\TouchGFX\gui\snscanandentqty_screen
[29] = C:\TouchGFXProjects\KraftHeinz_DS3600\EWARM\Oxpecker\Obj\TouchGFX\gui\snscaninventory_screen
[30] = C:\TouchGFXProjects\KraftHeinz_DS3600\EWARM\Oxpecker\Obj\TouchGFX\gui\snscreensaver_screen
[31] = C:\TouchGFXProjects\KraftHeinz_DS3600\EWARM\Oxpecker\Obj\TouchGFX\gui\snsplash_screen
[32] = Oxpecker_UI.a
[33] = Oxpecker_platform.a
[34] = dl7M_tlf.a
[35] = dlpp7M_tl_fc.a
[36] = m7M_tls.a
[37] = rt7M_tl.a
[38] = shb_l.a
[39] = touchgfx_core.a

    287'833 bytes of readonly  code memory
  1'042'909 bytes of readonly  data memory
    655'351 bytes of readwrite data memory

Errors: none
Warnings: 1
